../BSPcode/oled.c:39:6:OLED_WR_Byte	16	static
../BSPcode/oled.c:20:6:OLED_Refresh_Gram	16	static
../BSPcode/oled.c:78:6:OLED_Display_On	8	static
../BSPcode/oled.c:92:6:OLED_Display_Off	8	static
../BSPcode/oled.c:106:6:OLED_Clear	4	static
../BSPcode/oled.c:120:6:OLED_DrawPoint	12	static
../BSPcode/oled.c:138:6:OLED_ShowChar	48	static
../BSPcode/oled.c:170:5:oled_pow	0	static
../BSPcode/oled.c:185:6:OLED_ShowNumber	56	static
../BSPcode/oled.c:212:6:OLED_ShowString	32	static
../BSPcode/oled.c:233:6:OLED_Init	8	static
../BSPcode/oled.c:310:6:OLED_Set_Pos	8	static
../BSPcode/oled.c:288:6:OLED_ShowCHinese	32	static
