Archive member included to satisfy reference by file (symbol)

d:/stm32cubeide_1.10.0/stm32cubeide/plugins/com.st.stm32cube.ide.mcu.externaltools.gnu-tools-for-stm32.10.3-2021.10.win32_1.0.0.202111181127/tools/bin/../lib/gcc/arm-none-eabi/10.3.1/../../../../arm-none-eabi/lib/thumb/v7-m/nofp\libc_nano.a(lib_a-errno.o)
                              ./Core/Src/retarget.o (__errno)
d:/stm32cubeide_1.10.0/stm32cubeide/plugins/com.st.stm32cube.ide.mcu.externaltools.gnu-tools-for-stm32.10.3-2021.10.win32_1.0.0.202111181127/tools/bin/../lib/gcc/arm-none-eabi/10.3.1/../../../../arm-none-eabi/lib/thumb/v7-m/nofp\libc_nano.a(lib_a-exit.o)
                              d:/stm32cubeide_1.10.0/stm32cubeide/plugins/com.st.stm32cube.ide.mcu.externaltools.gnu-tools-for-stm32.10.3-2021.10.win32_1.0.0.202111181127/tools/bin/../lib/gcc/arm-none-eabi/10.3.1/../../../../arm-none-eabi/lib/thumb/v7-m/nofp/crt0.o (exit)
d:/stm32cubeide_1.10.0/stm32cubeide/plugins/com.st.stm32cube.ide.mcu.externaltools.gnu-tools-for-stm32.10.3-2021.10.win32_1.0.0.202111181127/tools/bin/../lib/gcc/arm-none-eabi/10.3.1/../../../../arm-none-eabi/lib/thumb/v7-m/nofp\libc_nano.a(lib_a-impure.o)
                              d:/stm32cubeide_1.10.0/stm32cubeide/plugins/com.st.stm32cube.ide.mcu.externaltools.gnu-tools-for-stm32.10.3-2021.10.win32_1.0.0.202111181127/tools/bin/../lib/gcc/arm-none-eabi/10.3.1/../../../../arm-none-eabi/lib/thumb/v7-m/nofp\libc_nano.a(lib_a-exit.o) (_global_impure_ptr)
d:/stm32cubeide_1.10.0/stm32cubeide/plugins/com.st.stm32cube.ide.mcu.externaltools.gnu-tools-for-stm32.10.3-2021.10.win32_1.0.0.202111181127/tools/bin/../lib/gcc/arm-none-eabi/10.3.1/../../../../arm-none-eabi/lib/thumb/v7-m/nofp\libc_nano.a(lib_a-init.o)
                              d:/stm32cubeide_1.10.0/stm32cubeide/plugins/com.st.stm32cube.ide.mcu.externaltools.gnu-tools-for-stm32.10.3-2021.10.win32_1.0.0.202111181127/tools/bin/../lib/gcc/arm-none-eabi/10.3.1/../../../../arm-none-eabi/lib/thumb/v7-m/nofp/crt0.o (__libc_init_array)
d:/stm32cubeide_1.10.0/stm32cubeide/plugins/com.st.stm32cube.ide.mcu.externaltools.gnu-tools-for-stm32.10.3-2021.10.win32_1.0.0.202111181127/tools/bin/../lib/gcc/arm-none-eabi/10.3.1/../../../../arm-none-eabi/lib/thumb/v7-m/nofp\libc_nano.a(lib_a-memcmp.o)
                              ./WHEELTEC/inv_mpu.o (memcmp)
d:/stm32cubeide_1.10.0/stm32cubeide/plugins/com.st.stm32cube.ide.mcu.externaltools.gnu-tools-for-stm32.10.3-2021.10.win32_1.0.0.202111181127/tools/bin/../lib/gcc/arm-none-eabi/10.3.1/../../../../arm-none-eabi/lib/thumb/v7-m/nofp\libc_nano.a(lib_a-memmove.o)
                              ./WHEELTEC/MPU6050.o (memmove)
d:/stm32cubeide_1.10.0/stm32cubeide/plugins/com.st.stm32cube.ide.mcu.externaltools.gnu-tools-for-stm32.10.3-2021.10.win32_1.0.0.202111181127/tools/bin/../lib/gcc/arm-none-eabi/10.3.1/../../../../arm-none-eabi/lib/thumb/v7-m/nofp\libc_nano.a(lib_a-memset.o)
                              d:/stm32cubeide_1.10.0/stm32cubeide/plugins/com.st.stm32cube.ide.mcu.externaltools.gnu-tools-for-stm32.10.3-2021.10.win32_1.0.0.202111181127/tools/bin/../lib/gcc/arm-none-eabi/10.3.1/../../../../arm-none-eabi/lib/thumb/v7-m/nofp/crt0.o (memset)
d:/stm32cubeide_1.10.0/stm32cubeide/plugins/com.st.stm32cube.ide.mcu.externaltools.gnu-tools-for-stm32.10.3-2021.10.win32_1.0.0.202111181127/tools/bin/../lib/gcc/arm-none-eabi/10.3.1/../../../../arm-none-eabi/lib/thumb/v7-m/nofp\libc_nano.a(lib_a-printf.o)
                              ./WHEELTEC/inv_mpu.o (printf)
d:/stm32cubeide_1.10.0/stm32cubeide/plugins/com.st.stm32cube.ide.mcu.externaltools.gnu-tools-for-stm32.10.3-2021.10.win32_1.0.0.202111181127/tools/bin/../lib/gcc/arm-none-eabi/10.3.1/../../../../arm-none-eabi/lib/thumb/v7-m/nofp\libc_nano.a(lib_a-puts.o)
                              ./WHEELTEC/MPU6050.o (puts)
d:/stm32cubeide_1.10.0/stm32cubeide/plugins/com.st.stm32cube.ide.mcu.externaltools.gnu-tools-for-stm32.10.3-2021.10.win32_1.0.0.202111181127/tools/bin/../lib/gcc/arm-none-eabi/10.3.1/../../../../arm-none-eabi/lib/thumb/v7-m/nofp\libc_nano.a(lib_a-setvbuf.o)
                              ./Core/Src/retarget.o (setvbuf)
d:/stm32cubeide_1.10.0/stm32cubeide/plugins/com.st.stm32cube.ide.mcu.externaltools.gnu-tools-for-stm32.10.3-2021.10.win32_1.0.0.202111181127/tools/bin/../lib/gcc/arm-none-eabi/10.3.1/../../../../arm-none-eabi/lib/thumb/v7-m/nofp\libc_nano.a(lib_a-wbuf.o)
                              d:/stm32cubeide_1.10.0/stm32cubeide/plugins/com.st.stm32cube.ide.mcu.externaltools.gnu-tools-for-stm32.10.3-2021.10.win32_1.0.0.202111181127/tools/bin/../lib/gcc/arm-none-eabi/10.3.1/../../../../arm-none-eabi/lib/thumb/v7-m/nofp\libc_nano.a(lib_a-puts.o) (__swbuf_r)
d:/stm32cubeide_1.10.0/stm32cubeide/plugins/com.st.stm32cube.ide.mcu.externaltools.gnu-tools-for-stm32.10.3-2021.10.win32_1.0.0.202111181127/tools/bin/../lib/gcc/arm-none-eabi/10.3.1/../../../../arm-none-eabi/lib/thumb/v7-m/nofp\libc_nano.a(lib_a-wsetup.o)
[...]
Memory Configuration

Name             Origin             Length             Attributes
RAM              0x0000000020000000 0x0000000000005000 xrw
FLASH            0x0000000008000000 0x0000000000010000 xr
*default*        0x0000000000000000 0xffffffffffffffff

Linker script and memory map

LOAD d:/stm32cubeide_1.10.0/stm32cubeide/plugins/com.st.stm32cube.ide.mcu.externaltools.gnu-tools-for-stm32.10.3-2021.10.win32_1.0.0.202111181127/tools/bin/../lib/gcc/arm-none-eabi/10.3.1/thumb/v7-m/nofp/crti.o
LOAD d:/stm32cubeide_1.10.0/stm32cubeide/plugins/com.st.stm32cube.ide.mcu.externaltools.gnu-tools-for-stm32.10.3-2021.10.win32_1.0.0.202111181127/tools/bin/../lib/gcc/arm-none-eabi/10.3.1/thumb/v7-m/nofp/crtbegin.o
LOAD d:/stm32cubeide_1.10.0/stm32cubeide/plugins/com.st.stm32cube.ide.mcu.externaltools.gnu-tools-for-stm32.10.3-2021.10.win32_1.0.0.202111181127/tools/bin/../lib/gcc/arm-none-eabi/10.3.1/../../../../arm-none-eabi/lib/thumb/v7-m/nofp/crt0.o
LOAD ./BSPcode/bsp_adc.o
LOAD ./BSPcode/delay.o
LOAD ./BSPcode/encoder.o
LOAD ./BSPcode/iic.o
LOAD ./BSPcode/key.o
LOAD ./BSPcode/led.o
LOAD ./BSPcode/oled.o
LOAD ./BSPcode/usart3.o
LOAD ./Core/Src/adc.o
LOAD ./Core/Src/gpio.o
LOAD ./Core/Src/main.o
LOAD ./Core/Src/retarget.o
LOAD ./Core/Src/stm32f1xx_hal_msp.o
LOAD ./Core/Src/stm32f1xx_it.o
LOAD ./Core/Src/syscalls.o
LOAD ./Core/Src/sysmem.o
LOAD ./Core/Src/system_stm32f1xx.o
LOAD ./Core/Src/tim.o
LOAD ./Core/Src/usart.o
LOAD ./Core/Startup/startup_stm32f103c8tx.o
LOAD ./Drivers/STM32F1xx_HAL_Driver/Src/stm32f1xx_hal.o
LOAD ./Drivers/STM32F1xx_HAL_Driver/Src/stm32f1xx_hal_adc.o
LOAD ./Drivers/STM32F1xx_HAL_Driver/Src/stm32f1xx_hal_adc_ex.o
LOAD ./Drivers/STM32F1xx_HAL_Driver/Src/stm32f1xx_hal_cortex.o
LOAD ./Drivers/STM32F1xx_HAL_Driver/Src/stm32f1xx_hal_dma.o
LOAD ./Drivers/STM32F1xx_HAL_Driver/Src/stm32f1xx_hal_exti.o
LOAD ./Drivers/STM32F1xx_HAL_Driver/Src/stm32f1xx_hal_flash.o
LOAD ./Drivers/STM32F1xx_HAL_Driver/Src/stm32f1xx_hal_flash_ex.o
LOAD ./Drivers/STM32F1xx_HAL_Driver/Src/stm32f1xx_hal_gpio.o
LOAD ./Drivers/STM32F1xx_HAL_Driver/Src/stm32f1xx_hal_gpio_ex.o
LOAD ./Drivers/STM32F1xx_HAL_Driver/Src/stm32f1xx_hal_pwr.o
LOAD ./Drivers/STM32F1xx_HAL_Driver/Src/stm32f1xx_hal_rcc.o
LOAD ./Drivers/STM32F1xx_HAL_Driver/Src/stm32f1xx_hal_rcc_ex.o
LOAD ./Drivers/STM32F1xx_HAL_Driver/Src/stm32f1xx_hal_tim.o
LOAD ./Drivers/STM32F1xx_HAL_Driver/Src/stm32f1xx_hal_tim_ex.o
LOAD ./Drivers/STM32F1xx_HAL_Driver/Src/stm32f1xx_hal_uart.o
LOAD ./WHEELTEC/DataScope_DP.o
LOAD ./WHEELTEC/MPU6050.o
LOAD ./WHEELTEC/control.o
LOAD ./WHEELTEC/inv_mpu.o
LOAD ./WHEELTEC/inv_mpu_dmp_motion_driver.o
LOAD ./WHEELTEC/show.o
START GROUP
LOAD d:/stm32cubeide_1.10.0/stm32cubeide/plugins/com.st.stm32cube.ide.mcu.externaltools.gnu-tools-for-stm32.10.3-2021.10.win32_1.0.0.202111181127/tools/bin/../lib/gcc/arm-none-eabi/10.3.1/../../../../arm-none-eabi/lib/thumb/v7-m/nofp\libc_nano.a
LOAD d:/stm32cubeide_1.10.0/stm32cubeide/plugins/com.st.stm32cube.ide.mcu.externaltools.gnu-tools-for-stm32.10.3-2021.10.win32_1.0.0.202111181127/tools/bin/../lib/gcc/arm-none-eabi/10.3.1/../../../../arm-none-eabi/lib/thumb/v7-m/nofp\libm.a
END GROUP
START GROUP
LOAD d:/stm32cubeide_1.10.0/stm32cubeide/plugins/com.st.stm32cube.ide.mcu.externaltools.gnu-tools-for-stm32.10.3-2021.10.win32_1.0.0.202111181127/tools/bin/../lib/gcc/arm-none-eabi/10.3.1/thumb/v7-m/nofp\libgcc.a
LOAD d:/stm32cubeide_1.10.0/stm32cubeide/plugins/com.st.stm32cube.ide.mcu.externaltools.gnu-tools-for-stm32.10.3-2021.10.win32_1.0.0.202111181127/tools/bin/../lib/gcc/arm-none-eabi/10.3.1/../../../../arm-none-eabi/lib/thumb/v7-m/nofp\libc_nano.a
END GROUP
START GROUP
LOAD d:/stm32cubeide_1.10.0/stm32cubeide/plugins/com.st.stm32cube.ide.mcu.externaltools.gnu-tools-for-stm32.10.3-2021.10.win32_1.0.0.202111181127/tools/bin/../lib/gcc/arm-none-eabi/10.3.1/thumb/v7-m/nofp\libgcc.a
LOAD d:/stm32cubeide_1.10.0/stm32cubeide/plugins/com.st.stm32cube.ide.mcu.externaltools.gnu-tools-for-stm32.10.3-2021.10.win32_1.0.0.202111181127/tools/bin/../lib/gcc/arm-none-eabi/10.3.1/../../../../arm-none-eabi/lib/thumb/v7-m/nofp\libc_nano.a
LOAD d:/stm32cubeide_1.10.0/stm32cubeide/plugins/com.st.stm32cube.ide.mcu.externaltools.gnu-tools-for-stm32.10.3-2021.10.win32_1.0.0.202111181127/tools/bin/../lib/gcc/arm-none-eabi/10.3.1/../../../../arm-none-eabi/lib/thumb/v7-m/nofp\libnosys.a
END GROUP
START GROUP
LOAD d:/stm32cubeide_1.10.0/stm32cubeide/plugins/com.st.stm32cube.ide.mcu.externaltools.gnu-tools-for-stm32.10.3-2021.10.win32_1.0.0.202111181127/tools/bin/../lib/gcc/arm-none-eabi/10.3.1/thumb/v7-m/nofp\libgcc.a
LOAD d:/stm32cubeide_1.10.0/stm32cubeide/plugins/com.st.stm32cube.ide.mcu.externaltools.gnu-tools-for-stm32.10.3-2021.10.win32_1.0.0.202111181127/tools/bin/../lib/gcc/arm-none-eabi/10.3.1/../../../../arm-none-eabi/lib/thumb/v7-m/nofp\libc_nano.a
LOAD d:/stm32cubeide_1.10.0/stm32cubeide/plugins/com.st.stm32cube.ide.mcu.externaltools.gnu-tools-for-stm32.10.3-2021.10.win32_1.0.0.202111181127/tools/bin/../lib/gcc/arm-none-eabi/10.3.1/../../../../arm-none-eabi/lib/thumb/v7-m/nofp\libnosys.a
END GROUP
LOAD d:/stm32cubeide_1.10.0/stm32cubeide/plugins/com.st.stm32cube.ide.mcu.externaltools.gnu-tools-for-stm32.10.3-2021.10.win32_1.0.0.202111181127/tools/bin/../lib/gcc/arm-none-eabi/10.3.1/thumb/v7-m/nofp/crtend.o
LOAD d:/stm32cubeide_1.10.0/stm32cubeide/plugins/com.st.stm32cube.ide.mcu.externaltools.gnu-tools-for-stm32.10.3-2021.10.win32_1.0.0.202111181127/tools/bin/../lib/gcc/arm-none-eabi/10.3.1/thumb/v7-m/nofp/crtn.o
                0x0000000020005000                _estack = (ORIGIN (RAM) + LENGTH (RAM))
                0x0000000000000200                _Min_Heap_Size = 0x200
                0x0000000000000400                _Min_Stack_Size = 0x400

.isr_vector     0x0000000008000000      0x10c
                0x0000000008000000                . = ALIGN (0x4)
 *(.isr_vector)
 .isr_vector    0x0000000008000000      0x10c ./Core/Startup/startup_stm32f103c8tx.o
                0x0000000008000000                g_pfnVectors
                0x000000000800010c                . = ALIGN (0x4)

.text           0x0000000008000110     0x9c34
                0x0000000008000110                . = ALIGN (0x4)
 *(.text)
 .text          0x0000000008000110       0x40 d:/stm32cubeide_1.10.0/stm32cubeide/plugins/com.st.stm32cube.ide.mcu.externaltools.gnu-tools-for-stm32.10.3-2021.10.win32_1.0.0.202111181127/tools/bin/../lib/gcc/arm-none-eabi/10.3.1/thumb/v7-m/nofp/crtbegin.o
 .text          0x0000000008000150      0x378 d:/stm32cubeide_1.10.0/stm32cubeide/plugins/com.st.stm32cube.ide.mcu.externaltools.gnu-tools-for-stm32.10.3-2021.10.win32_1.0.0.202111181127/tools/bin/../lib/gcc/arm-none-eabi/10.3.1/thumb/v7-m/nofp\libgcc.a(_arm_addsubdf3.o)
                0x0000000008000150                __aeabi_drsub
                0x0000000008000158                __aeabi_dsub
                0x0000000008000158                __subdf3
                0x000000000800015c                __aeabi_dadd
                0x000000000800015c                __adddf3
                0x00000000080003d4                __floatunsidf
                0x00000000080003d4                __aeabi_ui2d
                0x00000000080003f4                __floatsidf
                0x00000000080003f4                __aeabi_i2d
                0x0000000008000418                __aeabi_f2d
                0x0000000008000418                __extendsfdf2
                0x000000000800045c                __floatundidf
                0x000000000800045c                __aeabi_ul2d
                0x000000000800046c                __floatdidf
                0x000000000800046c                __aeabi_l2d
 .text          0x00000000080004c8      0x424 d:/stm32cubeide_1.10.0/stm32cubeide/plugins/com.st.stm32cube.ide.mcu.externaltools.gnu-tools-for-stm32.10.3-2021.10.win32_1.0.0.202111181127/tools/bin/../lib/gcc/arm-none-eabi/10.3.1/thumb/v7-m/nofp\libgcc.a(_arm_muldivdf3.o)
                0x00000000080004c8                __aeabi_dmul
                0x00000000080004c8                __muldf3
                0x000000000800071c                __divdf3
                0x000000000800071c                __aeabi_ddiv
 .text          0x00000000080008ec      0x110 d:/stm32cubeide_1.10.0/stm32cubeide/plugins/com.st.stm32cube.ide.mcu.externaltools.gnu-tools-for-stm32.10.3-2021.10.win32_1.0.0.202111181127/tools/bin/../lib/gcc/arm-none-eabi/10.3.1/thumb/v7-m/nofp\libgcc.a(_arm_cmpdf2.o)
                0x00000000080008ec                __gtdf2
                0x00000000080008ec                __gedf2
                0x00000000080008f4                __ltdf2
                0x00000000080008f4                __ledf2
                0x00000000080008fc                __nedf2
                0x00000000080008fc                __eqdf2
                0x00000000080008fc                __cmpdf2
                0x0000000008000978                __aeabi_cdrcmple
                0x0000000008000988                __aeabi_cdcmpeq
                0x0000000008000988                __aeabi_cdcmple
                0x0000000008000998                __aeabi_dcmpeq
                0x00000000080009ac                __aeabi_dcmplt
                0x00000000080009c0                __aeabi_dcmple
                0x00000000080009d4                __aeabi_dcmpge
                0x00000000080009e8                __aeabi_dcmpgt
 .text          0x00000000080009fc       0x2c d:/stm32cubeide_1.10.0/stm32cubeide/plugins/com.st.stm32cube.ide.mcu.externaltools.gnu-tools-for-stm32.10.3-2021.10.win32_1.0.0.202111181127/tools/bin/../lib/gcc/arm-none-eabi/10.3.1/thumb/v7-m/nofp\libgcc.a(_arm_unorddf2.o)
                0x00000000080009fc                __unorddf2
                0x00000000080009fc                __aeabi_dcmpun
 .text          0x0000000008000a28       0x50 d:/stm32cubeide_1.10.0/stm32cubeide/plugins/com.st.stm32cube.ide.mcu.externaltools.gnu-tools-for-stm32.10.3-2021.10.win32_1.0.0.202111181127/tools/bin/../lib/gcc/arm-none-eabi/10.3.1/thumb/v7-m/nofp\libgcc.a(_arm_fixdfsi.o)
                0x0000000008000a28                __aeabi_d2iz
                0x0000000008000a28                __fixdfsi
 .text          0x0000000008000a78       0xa0 d:/stm32cubeide_1.10.0/stm32cubeide/plugins/com.st.stm32cube.ide.mcu.externaltools.gnu-tools-for-stm32.10.3-2021.10.win32_1.0.0.202111181127/tools/bin/../lib/gcc/arm-none-eabi/10.3.1/thumb/v7-m/nofp\libgcc.a(_arm_truncdfsf2.o)
                0x0000000008000a78                __truncdfsf2
                0x0000000008000a78                __aeabi_d2f
 .text          0x0000000008000b18      0x21c d:/stm32cubeide_1.10.0/stm32cubeide/plugins/com.st.stm32cube.ide.mcu.externaltools.gnu-tools-for-stm32.10.3-2021.10.win32_1.0.0.202111181127/tools/bin/../lib/gcc/arm-none-eabi/10.3.1/thumb/v7-m/nofp\libgcc.a(_arm_addsubsf3.o)
                0x0000000008000b18                __aeabi_frsub
                0x0000000008000b20                __subsf3
                0x0000000008000b20                __aeabi_fsub
                0x0000000008000b24                __aeabi_fadd
                0x0000000008000b24                __addsf3
                0x0000000008000c84                __aeabi_ui2f
                0x0000000008000c84                __floatunsisf
                0x0000000008000c8c                __aeabi_i2f
                0x0000000008000c8c                __floatsisf
                0x0000000008000ca8                __aeabi_ul2f
                0x0000000008000ca8                __floatundisf
                0x0000000008000cb8                __aeabi_l2f
                0x0000000008000cb8                __floatdisf
 .text          0x0000000008000d34      0x2a0 d:/stm32cubeide_1.10.0/stm32cubeide/plugins/com.st.stm32cube.ide.mcu.externaltools.gnu-tools-for-stm32.10.3-2021.10.win32_1.0.0.202111181127/tools/bin/../lib/gcc/arm-none-eabi/10.3.1/thumb/v7-m/nofp\libgcc.a(_arm_muldivsf3.o)
                0x0000000008000d34                __mulsf3
                0x0000000008000d34                __aeabi_fmul
                0x0000000008000e9c                __aeabi_fdiv
                0x0000000008000e9c                __divsf3
 .text          0x0000000008000fd4       0xec d:/stm32cubeide_1.10.0/stm32cubeide/plugins/com.st.stm32cube.ide.mcu.externaltools.gnu-tools-for-stm32.10.3-2021.10.win32_1.0.0.202111181127/tools/bin/../lib/gcc/arm-none-eabi/10.3.1/thumb/v7-m/nofp\libgcc.a(_arm_cmpsf2.o)
                0x0000000008000fd4                __gesf2
                0x0000000008000fd4                __gtsf2
                0x0000000008000fdc                __lesf2
                0x0000000008000fdc                __ltsf2
                0x0000000008000fe4                __nesf2
                0x0000000008000fe4                __eqsf2
                0x0000000008000fe4                __cmpsf2
                0x0000000008001044                __aeabi_cfrcmple
                0x000000000800104c                __aeabi_cfcmpeq
                0x000000000800104c                __aeabi_cfcmple
                0x000000000800105c                __aeabi_fcmpeq
                0x0000000008001070                __aeabi_fcmplt
                0x0000000008001084                __aeabi_fcmple
                0x0000000008001098                __aeabi_fcmpge
                0x00000000080010ac                __aeabi_fcmpgt
 .text          0x00000000080010c0       0x4c d:/stm32cubeide_1.10.0/stm32cubeide/plugins/com.st.stm32cube.ide.mcu.externaltools.gnu-tools-for-stm32.10.3-2021.10.win32_1.0.0.202111181127/tools/bin/../lib/gcc/arm-none-eabi/10.3.1/thumb/v7-m/nofp\libgcc.a(_arm_fixsfsi.o)
                0x00000000080010c0                __aeabi_f2iz
                0x00000000080010c0                __fixsfsi
 .text          0x000000000800110c       0x40 d:/stm32cubeide_1.10.0/stm32cubeide/plugins/com.st.stm32cube.ide.mcu.externaltools.gnu-tools-for-stm32.10.3-2021.10.win32_1.0.0.202111181127/tools/bin/../lib/gcc/arm-none-eabi/10.3.1/thumb/v7-m/nofp\libgcc.a(_arm_fixunssfsi.o)
                0x000000000800110c                __fixunssfsi
                0x000000000800110c                __aeabi_f2uiz
 .text          0x000000000800114c       0xa0 d:/stm32cubeide_1.10.0/stm32cubeide/plugins/com.st.stm32cube.ide.mcu.externaltools.gnu-tools-for-stm32.10.3-2021.10.win32_1.0.0.202111181127/tools/bin/../lib/gcc/arm-none-eabi/10.3.1/thumb/v7-m/nofp\libgcc.a(_aeabi_ldivmod.o)
                0x000000000800114c                __aeabi_ldivmod
 .text          0x00000000080011ec      0x2d4 d:/stm32cubeide_1.10.0/stm32cubeide/plugins/com.st.stm32cube.ide.mcu.externaltools.gnu-tools-for-stm32.10.3-2021.10.win32_1.0.0.202111181127/tools/bin/../lib/gcc/arm-none-eabi/10.3.1/thumb/v7-m/nofp\libgcc.a(_udivmoddi4.o)
                0x00000000080011ec                __udivmoddi4
 .text          0x00000000080014c0        0x4 d:/stm32cubeide_1.10.0/stm32cubeide/plugins/com.st.stm32cube.ide.mcu.externaltools.gnu-tools-for-stm32.10.3-2021.10.win32_1.0.0.202111181127/tools/bin/../lib/gcc/arm-none-eabi/10.3.1/thumb/v7-m/nofp\libgcc.a(_dvmd_tls.o)
                0x00000000080014c0                __aeabi_idiv0
                0x00000000080014c0                __aeabi_ldiv0
 *(.text*)
 .text.Get_Adc_Channel
                0x00000000080014c4       0x50 ./BSPcode/bsp_adc.o
                0x00000000080014c4                Get_Adc_Channel
 .text.Get_Adc  0x0000000008001514       0x48 ./BSPcode/bsp_adc.o
                0x0000000008001514                Get_Adc
 *fill*         0x000000000800155c        0x4 
 .text.Get_battery_volt
                0x0000000008001560       0x54 ./BSPcode/bsp_adc.o
                0x0000000008001560                Get_battery_volt
 .text.HAL_InitTick
                0x00000000080015b4       0x40 ./BSPcode/delay.o
                0x00000000080015b4                HAL_InitTick
 .text.HAL_GetTick
                0x00000000080015f4       0x1c ./BSPcode/delay.o
                0x00000000080015f4                HAL_GetTick
 .text.HAL_Delay
                0x0000000008001610       0x90 ./BSPcode/delay.o
                0x0000000008001610                HAL_Delay
 .text.HAL_Delay_us
                0x00000000080016a0       0x38 ./BSPcode/delay.o
                0x00000000080016a0                HAL_Delay_us
 .text.delay_init
                0x00000000080016d8       0x44 ./BSPcode/delay.o
                0x00000000080016d8                delay_init
 .text.delay_ms
                0x000000000800171c       0x34 ./BSPcode/delay.o
                0x000000000800171c                delay_ms
 .text.Read_Encoder
                0x0000000008001750       0x38 ./BSPcode/encoder.o
                0x0000000008001750                Read_Encoder
 .text.IIC_Start
                0x0000000008001788       0x7c ./BSPcode/iic.o
                0x0000000008001788                IIC_Start
 .text.IIC_Stop
                0x0000000008001804       0x60 ./BSPcode/iic.o
                0x0000000008001804                IIC_Stop
 .text.IIC_Wait_Ack
                0x0000000008001864       0x78 ./BSPcode/iic.o
                0x0000000008001864                IIC_Wait_Ack
 .text.IIC_Ack  0x00000000080018dc       0x5c ./BSPcode/iic.o
                0x00000000080018dc                IIC_Ack
 .text.IIC_NAck
                0x0000000008001938       0x5c ./BSPcode/iic.o
                0x0000000008001938                IIC_NAck
 .text.IIC_Send_Byte
                0x0000000008001994       0x78 ./BSPcode/iic.o
                0x0000000008001994                IIC_Send_Byte
 .text.i2cWrite
                0x0000000008001a0c       0x50 ./BSPcode/iic.o
                0x0000000008001a0c                i2cWrite
 .text.IIC_Read_Byte
                0x0000000008001a5c       0x74 ./BSPcode/iic.o
                0x0000000008001a5c                IIC_Read_Byte
 .text.i2cRead  0x0000000008001ad0       0x62 ./BSPcode/iic.o
                0x0000000008001ad0                i2cRead
 .text.I2C_ReadOneByte
                0x0000000008001b32       0x3e ./BSPcode/iic.o
                0x0000000008001b32                I2C_ReadOneByte
 .text.IICwriteBytes
                0x0000000008001b70       0x3e ./BSPcode/iic.o
                0x0000000008001b70                IICwriteBytes
 .text.IICreadByte
                0x0000000008001bae        0xe ./BSPcode/iic.o
                0x0000000008001bae                IICreadByte
 .text.IICwriteByte
                0x0000000008001bbc       0x16 ./BSPcode/iic.o
                0x0000000008001bbc                IICwriteByte
 .text.IICwriteBits
                0x0000000008001bd2       0x4a ./BSPcode/iic.o
                0x0000000008001bd2                IICwriteBits
 .text.IICwriteBit
                0x0000000008001c1c       0x3e ./BSPcode/iic.o
                0x0000000008001c1c                IICwriteBit
 *fill*         0x0000000008001c5a        0x2 
 .text.click_N_Double
                0x0000000008001c5c       0xc4 ./BSPcode/key.o
                0x0000000008001c5c                click_N_Double
 .text.Led_Flash
                0x0000000008001d20       0x34 ./BSPcode/led.o
                0x0000000008001d20                Led_Flash
 .text.OLED_WR_Byte
                0x0000000008001d54       0x60 ./BSPcode/oled.o
                0x0000000008001d54                OLED_WR_Byte
 .text.OLED_Refresh_Gram
                0x0000000008001db4       0x44 ./BSPcode/oled.o
                0x0000000008001db4                OLED_Refresh_Gram
 .text.OLED_Clear
                0x0000000008001df8       0x28 ./BSPcode/oled.o
                0x0000000008001df8                OLED_Clear
 .text.OLED_DrawPoint
                0x0000000008001e20       0x3c ./BSPcode/oled.o
                0x0000000008001e20                OLED_DrawPoint
 .text.OLED_ShowChar
                0x0000000008001e5c       0x8c ./BSPcode/oled.o
                0x0000000008001e5c                OLED_ShowChar
 .text.OLED_ShowNumber
                0x0000000008001ee8       0x92 ./BSPcode/oled.o
                0x0000000008001ee8                OLED_ShowNumber
 .text.OLED_ShowString
                0x0000000008001f7a       0x3e ./BSPcode/oled.o
                0x0000000008001f7a                OLED_ShowString
 .text.OLED_Init
                0x0000000008001fb8       0xf4 ./BSPcode/oled.o
                0x0000000008001fb8                OLED_Init
 .text.HAL_UART_RxCpltCallback
                0x00000000080020ac      0x23c ./BSPcode/usart3.o
                0x00000000080020ac                HAL_UART_RxCpltCallback
 .text.MX_ADC1_Init
                0x00000000080022e8       0x50 ./Core/Src/adc.o
                0x00000000080022e8                MX_ADC1_Init
 .text.HAL_ADC_MspInit
                0x0000000008002338       0x80 ./Core/Src/adc.o
                0x0000000008002338                HAL_ADC_MspInit
 .text.MX_GPIO_Init
                0x00000000080023b8       0xe0 ./Core/Src/gpio.o
                0x00000000080023b8                MX_GPIO_Init
 .text.SystemClock_Config
                0x0000000008002498       0x7e ./Core/Src/main.o
                0x0000000008002498                SystemClock_Config
 *fill*         0x0000000008002516        0x2 
 .text.startup.main
                0x0000000008002518       0xd8 ./Core/Src/main.o
                0x0000000008002518                main
 .text.Error_Handler
                0x00000000080025f0        0x4 ./Core/Src/main.o
                0x00000000080025f0                Error_Handler
 .text.RetargetInit
                0x00000000080025f4       0x1c ./Core/Src/retarget.o
                0x00000000080025f4                RetargetInit
 .text._isatty  0x0000000008002610       0x16 ./Core/Src/retarget.o
                0x0000000008002610                _isatty
 *fill*         0x0000000008002626        0x2 
 .text._write   0x0000000008002628       0x34 ./Core/Src/retarget.o
                0x0000000008002628                _write
 .text._close   0x000000000800265c       0x18 ./Core/Src/retarget.o
                0x000000000800265c                _close
 .text._lseek   0x0000000008002674       0x10 ./Core/Src/retarget.o
                0x0000000008002674                _lseek
 .text._read    0x0000000008002684       0x30 ./Core/Src/retarget.o
                0x0000000008002684                _read
 .text._fstat   0x00000000080026b4       0x1a ./Core/Src/retarget.o
                0x00000000080026b4                _fstat
 *fill*         0x00000000080026ce        0x2 
 .text.HAL_MspInit
                0x00000000080026d0       0x4c ./Core/Src/stm32f1xx_hal_msp.o
                0x00000000080026d0                HAL_MspInit
 .text.NMI_Handler
                0x000000000800271c        0x2 ./Core/Src/stm32f1xx_it.o
                0x000000000800271c                NMI_Handler
 .text.HardFault_Handler
                0x000000000800271e        0x2 ./Core/Src/stm32f1xx_it.o
                0x000000000800271e                HardFault_Handler
 .text.MemManage_Handler
                0x0000000008002720        0x2 ./Core/Src/stm32f1xx_it.o
                0x0000000008002720                MemManage_Handler
 .text.BusFault_Handler
                0x0000000008002722        0x2 ./Core/Src/stm32f1xx_it.o
                0x0000000008002722                BusFault_Handler
 .text.UsageFault_Handler
                0x0000000008002724        0x2 ./Core/Src/stm32f1xx_it.o
                0x0000000008002724                UsageFault_Handler
 .text.SVC_Handler
                0x0000000008002726        0x2 ./Core/Src/stm32f1xx_it.o
                0x0000000008002726                SVC_Handler
 .text.DebugMon_Handler
                0x0000000008002728        0x2 ./Core/Src/stm32f1xx_it.o
                0x0000000008002728                DebugMon_Handler
 .text.PendSV_Handler
                0x000000000800272a        0x2 ./Core/Src/stm32f1xx_it.o
                0x000000000800272a                PendSV_Handler
 .text.SysTick_Handler
                0x000000000800272c        0x4 ./Core/Src/stm32f1xx_it.o
                0x000000000800272c                SysTick_Handler
 .text.USART3_IRQHandler
                0x0000000008002730        0xc ./Core/Src/stm32f1xx_it.o
                0x0000000008002730                USART3_IRQHandler
 .text.EXTI15_10_IRQHandler
                0x000000000800273c        0x8 ./Core/Src/stm32f1xx_it.o
                0x000000000800273c                EXTI15_10_IRQHandler
 .text._sbrk    0x0000000008002744       0x40 ./Core/Src/sysmem.o
                0x0000000008002744                _sbrk
 .text.SystemInit
                0x0000000008002784        0x2 ./Core/Src/system_stm32f1xx.o
                0x0000000008002784                SystemInit
 *fill*         0x0000000008002786        0x2 
 .text.MX_TIM2_Init
                0x0000000008002788       0x5c ./Core/Src/tim.o
                0x0000000008002788                MX_TIM2_Init
 .text.MX_TIM3_Init
                0x00000000080027e4       0x5c ./Core/Src/tim.o
                0x00000000080027e4                MX_TIM3_Init
 .text.HAL_TIM_PWM_MspInit
                0x0000000008002840       0x4c ./Core/Src/tim.o
                0x0000000008002840                HAL_TIM_PWM_MspInit
 .text.HAL_TIM_Encoder_MspInit
                0x000000000800288c       0x90 ./Core/Src/tim.o
                0x000000000800288c                HAL_TIM_Encoder_MspInit
 .text.HAL_TIM_MspPostInit
                0x000000000800291c       0x84 ./Core/Src/tim.o
                0x000000000800291c                HAL_TIM_MspPostInit
 .text.MX_TIM1_Init
                0x00000000080029a0       0xa8 ./Core/Src/tim.o
                0x00000000080029a0                MX_TIM1_Init
 .text.MX_TIM4_Init
                0x0000000008002a48       0x80 ./Core/Src/tim.o
                0x0000000008002a48                MX_TIM4_Init
 .text.MX_USART1_UART_Init
                0x0000000008002ac8       0x38 ./Core/Src/usart.o
                0x0000000008002ac8                MX_USART1_UART_Init
 .text.MX_USART3_UART_Init
                0x0000000008002b00       0x38 ./Core/Src/usart.o
                0x0000000008002b00                MX_USART3_UART_Init
 .text.HAL_UART_MspInit
                0x0000000008002b38       0xec ./Core/Src/usart.o
                0x0000000008002b38                HAL_UART_MspInit
 .text.Reset_Handler
                0x0000000008002c24       0x48 ./Core/Startup/startup_stm32f103c8tx.o
                0x0000000008002c24                Reset_Handler
 .text.Default_Handler
                0x0000000008002c6c        0x2 ./Core/Startup/startup_stm32f103c8tx.o
                0x0000000008002c6c                RTC_Alarm_IRQHandler
                0x0000000008002c6c                EXTI2_IRQHandler
                0x0000000008002c6c                TIM1_CC_IRQHandler
                0x0000000008002c6c                PVD_IRQHandler
                0x0000000008002c6c                EXTI3_IRQHandler
                0x0000000008002c6c                EXTI0_IRQHandler
                0x0000000008002c6c                I2C2_EV_IRQHandler
                0x0000000008002c6c                ADC1_2_IRQHandler
                0x0000000008002c6c                SPI1_IRQHandler
                0x0000000008002c6c                TAMPER_IRQHandler
                0x0000000008002c6c                DMA1_Channel4_IRQHandler
                0x0000000008002c6c                RTC_IRQHandler
                0x0000000008002c6c                DMA1_Channel7_IRQHandler
                0x0000000008002c6c                CAN1_RX1_IRQHandler
                0x0000000008002c6c                TIM4_IRQHandler
                0x0000000008002c6c                I2C1_EV_IRQHandler
                0x0000000008002c6c                DMA1_Channel6_IRQHandler
                0x0000000008002c6c                TIM3_IRQHandler
                0x0000000008002c6c                RCC_IRQHandler
                0x0000000008002c6c                TIM1_TRG_COM_IRQHandler
                0x0000000008002c6c                DMA1_Channel1_IRQHandler
                0x0000000008002c6c                Default_Handler
                0x0000000008002c6c                EXTI9_5_IRQHandler
                0x0000000008002c6c                SPI2_IRQHandler
                0x0000000008002c6c                DMA1_Channel5_IRQHandler
                0x0000000008002c6c                EXTI4_IRQHandler
                0x0000000008002c6c                USB_LP_CAN1_RX0_IRQHandler
                0x0000000008002c6c                USB_HP_CAN1_TX_IRQHandler
                0x0000000008002c6c                DMA1_Channel3_IRQHandler
                0x0000000008002c6c                TIM1_UP_IRQHandler
                0x0000000008002c6c                WWDG_IRQHandler
                0x0000000008002c6c                TIM2_IRQHandler
                0x0000000008002c6c                TIM1_BRK_IRQHandler
                0x0000000008002c6c                EXTI1_IRQHandler
                0x0000000008002c6c                USART2_IRQHandler
                0x0000000008002c6c                I2C2_ER_IRQHandler
                0x0000000008002c6c                DMA1_Channel2_IRQHandler
                0x0000000008002c6c                CAN1_SCE_IRQHandler
                0x0000000008002c6c                FLASH_IRQHandler
                0x0000000008002c6c                USART1_IRQHandler
                0x0000000008002c6c                I2C1_ER_IRQHandler
                0x0000000008002c6c                USBWakeUp_IRQHandler
 *fill*         0x0000000008002c6e        0x2 
 .text.HAL_Init
                0x0000000008002c70       0x24 ./Drivers/STM32F1xx_HAL_Driver/Src/stm32f1xx_hal.o
                0x0000000008002c70                HAL_Init
 .text.HAL_IncTick
                0x0000000008002c94       0x18 ./Drivers/STM32F1xx_HAL_Driver/Src/stm32f1xx_hal.o
                0x0000000008002c94                HAL_IncTick
 .text.HAL_ADC_PollForConversion
                0x0000000008002cac      0x158 ./Drivers/STM32F1xx_HAL_Driver/Src/stm32f1xx_hal_adc.o
                0x0000000008002cac                HAL_ADC_PollForConversion
 .text.HAL_ADC_GetValue
                0x0000000008002e04        0x6 ./Drivers/STM32F1xx_HAL_Driver/Src/stm32f1xx_hal_adc.o
                0x0000000008002e04                HAL_ADC_GetValue
 *fill*         0x0000000008002e0a        0x2 
 .text.HAL_ADC_ConfigChannel
                0x0000000008002e0c       0xfc ./Drivers/STM32F1xx_HAL_Driver/Src/stm32f1xx_hal_adc.o
                0x0000000008002e0c                HAL_ADC_ConfigChannel
 .text.HAL_ADC_GetState
                0x0000000008002f08        0x4 ./Drivers/STM32F1xx_HAL_Driver/Src/stm32f1xx_hal_adc.o
                0x0000000008002f08                HAL_ADC_GetState
 .text.ADC_Enable
                0x0000000008002f0c       0x78 ./Drivers/STM32F1xx_HAL_Driver/Src/stm32f1xx_hal_adc.o
                0x0000000008002f0c                ADC_Enable
 .text.HAL_ADC_Start
                0x0000000008002f84       0xc4 ./Drivers/STM32F1xx_HAL_Driver/Src/stm32f1xx_hal_adc.o
                0x0000000008002f84                HAL_ADC_Start
 .text.ADC_ConversionStop_Disable
                0x0000000008003048       0x4c ./Drivers/STM32F1xx_HAL_Driver/Src/stm32f1xx_hal_adc.o
                0x0000000008003048                ADC_ConversionStop_Disable
 .text.HAL_ADC_Init
                0x0000000008003094       0xfc ./Drivers/STM32F1xx_HAL_Driver/Src/stm32f1xx_hal_adc.o
                0x0000000008003094                HAL_ADC_Init
 .text.HAL_ADCEx_Calibration_Start
                0x0000000008003190       0xe0 ./Drivers/STM32F1xx_HAL_Driver/Src/stm32f1xx_hal_adc_ex.o
                0x0000000008003190                HAL_ADCEx_Calibration_Start
 .text.HAL_NVIC_SetPriorityGrouping
                0x0000000008003270       0x24 ./Drivers/STM32F1xx_HAL_Driver/Src/stm32f1xx_hal_cortex.o
                0x0000000008003270                HAL_NVIC_SetPriorityGrouping
 .text.HAL_NVIC_SetPriority
                0x0000000008003294       0x64 ./Drivers/STM32F1xx_HAL_Driver/Src/stm32f1xx_hal_cortex.o
                0x0000000008003294                HAL_NVIC_SetPriority
 .text.HAL_NVIC_EnableIRQ
                0x00000000080032f8       0x1c ./Drivers/STM32F1xx_HAL_Driver/Src/stm32f1xx_hal_cortex.o
                0x00000000080032f8                HAL_NVIC_EnableIRQ
 .text.HAL_NVIC_DisableIRQ
                0x0000000008003314       0x28 ./Drivers/STM32F1xx_HAL_Driver/Src/stm32f1xx_hal_cortex.o
                0x0000000008003314                HAL_NVIC_DisableIRQ
 .text.HAL_DMA_Abort
                0x000000000800333c       0x3c ./Drivers/STM32F1xx_HAL_Driver/Src/stm32f1xx_hal_dma.o
                0x000000000800333c                HAL_DMA_Abort
 .text.HAL_DMA_Abort_IT
                0x0000000008003378       0x8c ./Drivers/STM32F1xx_HAL_Driver/Src/stm32f1xx_hal_dma.o
                0x0000000008003378                HAL_DMA_Abort_IT
 .text.HAL_GPIO_Init
                0x0000000008003404      0x1b4 ./Drivers/STM32F1xx_HAL_Driver/Src/stm32f1xx_hal_gpio.o
                0x0000000008003404                HAL_GPIO_Init
 .text.HAL_GPIO_ReadPin
                0x00000000080035b8        0xc ./Drivers/STM32F1xx_HAL_Driver/Src/stm32f1xx_hal_gpio.o
                0x00000000080035b8                HAL_GPIO_ReadPin
 .text.HAL_GPIO_WritePin
                0x00000000080035c4        0xa ./Drivers/STM32F1xx_HAL_Driver/Src/stm32f1xx_hal_gpio.o
                0x00000000080035c4                HAL_GPIO_WritePin
 .text.HAL_GPIO_TogglePin
                0x00000000080035ce       0x12 ./Drivers/STM32F1xx_HAL_Driver/Src/stm32f1xx_hal_gpio.o
                0x00000000080035ce                HAL_GPIO_TogglePin
 .text.HAL_GPIO_EXTI_IRQHandler
                0x00000000080035e0       0x18 ./Drivers/STM32F1xx_HAL_Driver/Src/stm32f1xx_hal_gpio.o
                0x00000000080035e0                HAL_GPIO_EXTI_IRQHandler
 .text.HAL_RCC_OscConfig
                0x00000000080035f8      0x338 ./Drivers/STM32F1xx_HAL_Driver/Src/stm32f1xx_hal_rcc.o
                0x00000000080035f8                HAL_RCC_OscConfig
 .text.HAL_RCC_GetSysClockFreq
                0x0000000008003930       0x74 ./Drivers/STM32F1xx_HAL_Driver/Src/stm32f1xx_hal_rcc.o
                0x0000000008003930                HAL_RCC_GetSysClockFreq
 .text.HAL_RCC_ClockConfig
                0x00000000080039a4      0x138 ./Drivers/STM32F1xx_HAL_Driver/Src/stm32f1xx_hal_rcc.o
                0x00000000080039a4                HAL_RCC_ClockConfig
 .text.HAL_RCC_GetPCLK1Freq
                0x0000000008003adc       0x20 ./Drivers/STM32F1xx_HAL_Driver/Src/stm32f1xx_hal_rcc.o
                0x0000000008003adc                HAL_RCC_GetPCLK1Freq
 .text.HAL_RCC_GetPCLK2Freq
                0x0000000008003afc       0x20 ./Drivers/STM32F1xx_HAL_Driver/Src/stm32f1xx_hal_rcc.o
                0x0000000008003afc                HAL_RCC_GetPCLK2Freq
 .text.HAL_RCCEx_PeriphCLKConfig
                0x0000000008003b1c       0xf4 ./Drivers/STM32F1xx_HAL_Driver/Src/stm32f1xx_hal_rcc_ex.o
                0x0000000008003b1c                HAL_RCCEx_PeriphCLKConfig
 .text.HAL_RCCEx_GetPeriphCLKFreq
                0x0000000008003c10       0xe4 ./Drivers/STM32F1xx_HAL_Driver/Src/stm32f1xx_hal_rcc_ex.o
                0x0000000008003c10                HAL_RCCEx_GetPeriphCLKFreq
 .text.TIM_OC1_SetConfig
                0x0000000008003cf4       0x50 ./Drivers/STM32F1xx_HAL_Driver/Src/stm32f1xx_hal_tim.o
 .text.TIM_OC3_SetConfig
                0x0000000008003d44       0x54 ./Drivers/STM32F1xx_HAL_Driver/Src/stm32f1xx_hal_tim.o
 .text.TIM_OC4_SetConfig
                0x0000000008003d98       0x44 ./Drivers/STM32F1xx_HAL_Driver/Src/stm32f1xx_hal_tim.o
 .text.HAL_TIM_Encoder_Start
                0x0000000008003ddc       0xb6 ./Drivers/STM32F1xx_HAL_Driver/Src/stm32f1xx_hal_tim.o
                0x0000000008003ddc                HAL_TIM_Encoder_Start
 *fill*         0x0000000008003e92        0x2 
 .text.TIM_Base_SetConfig
                0x0000000008003e94       0x70 ./Drivers/STM32F1xx_HAL_Driver/Src/stm32f1xx_hal_tim.o
                0x0000000008003e94                TIM_Base_SetConfig
 .text.HAL_TIM_PWM_Init
                0x0000000008003f04       0x58 ./Drivers/STM32F1xx_HAL_Driver/Src/stm32f1xx_hal_tim.o
                0x0000000008003f04                HAL_TIM_PWM_Init
 .text.HAL_TIM_Encoder_Init
                0x0000000008003f5c       0xaa ./Drivers/STM32F1xx_HAL_Driver/Src/stm32f1xx_hal_tim.o
                0x0000000008003f5c                HAL_TIM_Encoder_Init
 *fill*         0x0000000008004006        0x2 
 .text.TIM_OC2_SetConfig
                0x0000000008004008       0x58 ./Drivers/STM32F1xx_HAL_Driver/Src/stm32f1xx_hal_tim.o
                0x0000000008004008                TIM_OC2_SetConfig
 .text.HAL_TIM_PWM_ConfigChannel
                0x0000000008004060       0xb6 ./Drivers/STM32F1xx_HAL_Driver/Src/stm32f1xx_hal_tim.o
                0x0000000008004060                HAL_TIM_PWM_ConfigChannel
 .text.TIM_CCxChannelCmd
                0x0000000008004116       0x1c ./Drivers/STM32F1xx_HAL_Driver/Src/stm32f1xx_hal_tim.o
                0x0000000008004116                TIM_CCxChannelCmd
 *fill*         0x0000000008004132        0x2 
 .text.HAL_TIM_OC_Start
                0x0000000008004134       0xa4 ./Drivers/STM32F1xx_HAL_Driver/Src/stm32f1xx_hal_tim.o
                0x0000000008004134                HAL_TIM_OC_Start
 .text.HAL_TIM_PWM_Start
                0x00000000080041d8        0x4 ./Drivers/STM32F1xx_HAL_Driver/Src/stm32f1xx_hal_tim.o
                0x00000000080041d8                HAL_TIM_PWM_Start
 .text.HAL_TIMEx_MasterConfigSynchronization
                0x00000000080041dc       0x5c ./Drivers/STM32F1xx_HAL_Driver/Src/stm32f1xx_hal_tim_ex.o
                0x00000000080041dc                HAL_TIMEx_MasterConfigSynchronization
 .text.HAL_TIMEx_ConfigBreakDeadTime
                0x0000000008004238       0x4c ./Drivers/STM32F1xx_HAL_Driver/Src/stm32f1xx_hal_tim_ex.o
                0x0000000008004238                HAL_TIMEx_ConfigBreakDeadTime
 .text.UART_EndRxTransfer
                0x0000000008004284       0x2c ./Drivers/STM32F1xx_HAL_Driver/Src/stm32f1xx_hal_uart.o
 .text.UART_SetConfig
                0x00000000080042b0       0x74 ./Drivers/STM32F1xx_HAL_Driver/Src/stm32f1xx_hal_uart.o
 .text.UART_WaitOnFlagUntilTimeout.constprop.0
                0x0000000008004324       0x50 ./Drivers/STM32F1xx_HAL_Driver/Src/stm32f1xx_hal_uart.o
 .text.HAL_UART_Init
                0x0000000008004374       0x5c ./Drivers/STM32F1xx_HAL_Driver/Src/stm32f1xx_hal_uart.o
                0x0000000008004374                HAL_UART_Init
 .text.HAL_UART_Transmit
                0x00000000080043d0       0xaa ./Drivers/STM32F1xx_HAL_Driver/Src/stm32f1xx_hal_uart.o
                0x00000000080043d0                HAL_UART_Transmit
 .text.HAL_UART_Receive
                0x000000000800447a       0xbc ./Drivers/STM32F1xx_HAL_Driver/Src/stm32f1xx_hal_uart.o
                0x000000000800447a                HAL_UART_Receive
 .text.HAL_UART_TxCpltCallback
                0x0000000008004536        0x2 ./Drivers/STM32F1xx_HAL_Driver/Src/stm32f1xx_hal_uart.o
                0x0000000008004536                HAL_UART_TxCpltCallback
 .text.HAL_UART_ErrorCallback
                0x0000000008004538        0x2 ./Drivers/STM32F1xx_HAL_Driver/Src/stm32f1xx_hal_uart.o
                0x0000000008004538                HAL_UART_ErrorCallback
 .text.UART_DMAAbortOnError
                0x000000000800453a       0x10 ./Drivers/STM32F1xx_HAL_Driver/Src/stm32f1xx_hal_uart.o
 .text.HAL_UARTEx_RxEventCallback
                0x000000000800454a        0x2 ./Drivers/STM32F1xx_HAL_Driver/Src/stm32f1xx_hal_uart.o
                0x000000000800454a                HAL_UARTEx_RxEventCallback
 .text.UART_Receive_IT.part.0.isra.0
                0x000000000800454c       0x98 ./Drivers/STM32F1xx_HAL_Driver/Src/stm32f1xx_hal_uart.o
 .text.HAL_UART_IRQHandler
                0x00000000080045e4      0x210 ./Drivers/STM32F1xx_HAL_Driver/Src/stm32f1xx_hal_uart.o
                0x00000000080045e4                HAL_UART_IRQHandler
 .text.UART_Start_Receive_IT
                0x00000000080047f4       0x32 ./Drivers/STM32F1xx_HAL_Driver/Src/stm32f1xx_hal_uart.o
                0x00000000080047f4                UART_Start_Receive_IT
 .text.HAL_UART_Receive_IT
                0x0000000008004826       0x30 ./Drivers/STM32F1xx_HAL_Driver/Src/stm32f1xx_hal_uart.o
                0x0000000008004826                HAL_UART_Receive_IT
 .text.Float2Byte
                0x0000000008004856       0x14 ./WHEELTEC/DataScope_DP.o
                0x0000000008004856                Float2Byte
 *fill*         0x000000000800486a        0x2 
 .text.DataScope_Get_Channel_Data
                0x000000000800486c       0x58 ./WHEELTEC/DataScope_DP.o
                0x000000000800486c                DataScope_Get_Channel_Data
 .text.DataScope_Data_Generate
                0x00000000080048c4       0x80 ./WHEELTEC/DataScope_DP.o
                0x00000000080048c4                DataScope_Data_Generate
 .text.inv_row_2_scale
                0x0000000008004944       0x3a ./WHEELTEC/MPU6050.o
 .text.MPU6050_setClockSource
                0x000000000800497e       0x16 ./WHEELTEC/MPU6050.o
                0x000000000800497e                MPU6050_setClockSource
 .text.MPU6050_setFullScaleGyroRange
                0x0000000008004994       0x16 ./WHEELTEC/MPU6050.o
                0x0000000008004994                MPU6050_setFullScaleGyroRange
 .text.MPU6050_setFullScaleAccelRange
                0x00000000080049aa       0x16 ./WHEELTEC/MPU6050.o
                0x00000000080049aa                MPU6050_setFullScaleAccelRange
 .text.MPU6050_setSleepEnabled
                0x00000000080049c0        0xc ./WHEELTEC/MPU6050.o
                0x00000000080049c0                MPU6050_setSleepEnabled
 .text.MPU6050_setI2CMasterModeEnabled
                0x00000000080049cc        0xc ./WHEELTEC/MPU6050.o
                0x00000000080049cc                MPU6050_setI2CMasterModeEnabled
 .text.MPU6050_setI2CBypassEnabled
                0x00000000080049d8        0xc ./WHEELTEC/MPU6050.o
                0x00000000080049d8                MPU6050_setI2CBypassEnabled
 .text.MPU6050_initialize
                0x00000000080049e4       0x2a ./WHEELTEC/MPU6050.o
                0x00000000080049e4                MPU6050_initialize
 *fill*         0x0000000008004a0e        0x2 
 .text.DMP_Init
                0x0000000008004a10      0x19c ./WHEELTEC/MPU6050.o
                0x0000000008004a10                DMP_Init
 *fill*         0x0000000008004bac        0x4 
 .text.Read_DMP
                0x0000000008004bb0      0x208 ./WHEELTEC/MPU6050.o
                0x0000000008004bb0                Read_DMP
 .text.Get_RC   0x0000000008004db8       0xd0 ./WHEELTEC/control.o
                0x0000000008004db8                Get_RC
 .text.Incremental_PI_A
                0x0000000008004e88       0x58 ./WHEELTEC/control.o
                0x0000000008004e88                Incremental_PI_A
 .text.Set_Pwm  0x0000000008004ee0       0x3c ./WHEELTEC/control.o
                0x0000000008004ee0                Set_Pwm
 .text.Pwm_Limit
                0x0000000008004f1c       0x20 ./WHEELTEC/control.o
                0x0000000008004f1c                Pwm_Limit
 .text.Key      0x0000000008004f3c       0x70 ./WHEELTEC/control.o
                0x0000000008004f3c                Key
 .text.Turn_Off
                0x0000000008004fac       0x64 ./WHEELTEC/control.o
                0x0000000008004fac                Turn_Off
 .text.Get_Angle
                0x0000000008005010       0x34 ./WHEELTEC/control.o
                0x0000000008005010                Get_Angle
 .text.Put_Down
                0x0000000008005044       0x84 ./WHEELTEC/control.o
                0x0000000008005044                Put_Down
 .text.HAL_GPIO_EXTI_Callback
                0x00000000080050c8      0x330 ./WHEELTEC/control.o
                0x00000000080050c8                HAL_GPIO_EXTI_Callback
 .text.get_st_biases
                0x00000000080053f8      0x34c ./WHEELTEC/inv_mpu.o
 .text.set_int_enable.isra.0
                0x0000000008005744       0x4c ./WHEELTEC/inv_mpu.o
 .text.mpu_reset_fifo
                0x0000000008005790      0x160 ./WHEELTEC/inv_mpu.o
                0x0000000008005790                mpu_reset_fifo
 .text.mpu_get_gyro_fsr
                0x00000000080058f0       0x34 ./WHEELTEC/inv_mpu.o
                0x00000000080058f0                mpu_get_gyro_fsr
 .text.mpu_set_gyro_fsr
                0x0000000008005924       0x70 ./WHEELTEC/inv_mpu.o
                0x0000000008005924                mpu_set_gyro_fsr
 .text.mpu_get_accel_fsr
                0x0000000008005994       0x38 ./WHEELTEC/inv_mpu.o
                0x0000000008005994                mpu_get_accel_fsr
 .text.mpu_set_accel_fsr
                0x00000000080059cc       0x68 ./WHEELTEC/inv_mpu.o
                0x00000000080059cc                mpu_set_accel_fsr
 .text.mpu_get_lpf
                0x0000000008005a34       0x38 ./WHEELTEC/inv_mpu.o
                0x0000000008005a34                mpu_get_lpf
 .text.mpu_set_lpf
                0x0000000008005a6c       0x6c ./WHEELTEC/inv_mpu.o
                0x0000000008005a6c                mpu_set_lpf
 .text.mpu_get_sample_rate
                0x0000000008005ad8       0x1c ./WHEELTEC/inv_mpu.o
                0x0000000008005ad8                mpu_get_sample_rate
 .text.mpu_get_gyro_sens
                0x0000000008005af4       0x40 ./WHEELTEC/inv_mpu.o
                0x0000000008005af4                mpu_get_gyro_sens
 .text.mpu_get_accel_sens
                0x0000000008005b34       0x40 ./WHEELTEC/inv_mpu.o
                0x0000000008005b34                mpu_get_accel_sens
 .text.mpu_configure_fifo
                0x0000000008005b74       0x4c ./WHEELTEC/inv_mpu.o
                0x0000000008005b74                mpu_configure_fifo
 .text.mpu_read_fifo_stream
                0x0000000008005bc0       0x98 ./WHEELTEC/inv_mpu.o
                0x0000000008005bc0                mpu_read_fifo_stream
 .text.mpu_set_bypass
                0x0000000008005c58       0xe8 ./WHEELTEC/inv_mpu.o
                0x0000000008005c58                mpu_set_bypass
 .text.mpu_set_int_latched
                0x0000000008005d40       0x64 ./WHEELTEC/inv_mpu.o
                0x0000000008005d40                mpu_set_int_latched
 .text.mpu_lp_accel_mode
                0x0000000008005da4       0xb4 ./WHEELTEC/inv_mpu.o
                0x0000000008005da4                mpu_lp_accel_mode
 .text.mpu_set_sample_rate
                0x0000000008005e58       0x84 ./WHEELTEC/inv_mpu.o
                0x0000000008005e58                mpu_set_sample_rate
 .text.mpu_set_sensors
                0x0000000008005edc       0xc0 ./WHEELTEC/inv_mpu.o
                0x0000000008005edc                mpu_set_sensors
 .text.mpu_init
                0x0000000008005f9c      0x148 ./WHEELTEC/inv_mpu.o
                0x0000000008005f9c                mpu_init
 .text.mpu_write_mem
                0x00000000080060e4       0x60 ./WHEELTEC/inv_mpu.o
                0x00000000080060e4                mpu_write_mem
 .text.mpu_read_mem
                0x0000000008006144       0x60 ./WHEELTEC/inv_mpu.o
                0x0000000008006144                mpu_read_mem
 .text.mpu_load_firmware
                0x00000000080061a4       0xa0 ./WHEELTEC/inv_mpu.o
                0x00000000080061a4                mpu_load_firmware
 .text.mpu_set_dmp_state
                0x0000000008006244       0x7c ./WHEELTEC/inv_mpu.o
                0x0000000008006244                mpu_set_dmp_state
 .text.mpu_run_self_test
                0x00000000080062c0      0x314 ./WHEELTEC/inv_mpu.o
                0x00000000080062c0                mpu_run_self_test
 .text.myget_ms
                0x00000000080065d4        0x2 ./WHEELTEC/inv_mpu.o
                0x00000000080065d4                myget_ms
 *fill*         0x00000000080065d6        0x2 
 .text.dmp_enable_gyro_cal.part.0
                0x00000000080065d8       0x28 ./WHEELTEC/inv_mpu_dmp_motion_driver.o
 .text.dmp_load_motion_driver_firmware
                0x0000000008006600       0x14 ./WHEELTEC/inv_mpu_dmp_motion_driver.o
                0x0000000008006600                dmp_load_motion_driver_firmware
 .text.dmp_set_orientation
                0x0000000008006614      0x140 ./WHEELTEC/inv_mpu_dmp_motion_driver.o
                0x0000000008006614                dmp_set_orientation
 .text.dmp_set_gyro_bias
                0x0000000008006754       0xd0 ./WHEELTEC/inv_mpu_dmp_motion_driver.o
                0x0000000008006754                dmp_set_gyro_bias
 .text.dmp_set_accel_bias
                0x0000000008006824       0xd0 ./WHEELTEC/inv_mpu_dmp_motion_driver.o
                0x0000000008006824                dmp_set_accel_bias
 .text.dmp_set_fifo_rate
                0x00000000080068f4       0x60 ./WHEELTEC/inv_mpu_dmp_motion_driver.o
                0x00000000080068f4                dmp_set_fifo_rate
 .text.dmp_set_tap_thresh
                0x0000000008006954      0x144 ./WHEELTEC/inv_mpu_dmp_motion_driver.o
                0x0000000008006954                dmp_set_tap_thresh
 .text.dmp_set_tap_axes
                0x0000000008006a98       0x4a ./WHEELTEC/inv_mpu_dmp_motion_driver.o
                0x0000000008006a98                dmp_set_tap_axes
 .text.dmp_set_tap_count
                0x0000000008006ae2       0x28 ./WHEELTEC/inv_mpu_dmp_motion_driver.o
                0x0000000008006ae2                dmp_set_tap_count
 .text.dmp_set_tap_time
                0x0000000008006b0a       0x24 ./WHEELTEC/inv_mpu_dmp_motion_driver.o
                0x0000000008006b0a                dmp_set_tap_time
 .text.dmp_set_tap_time_multi
                0x0000000008006b2e       0x24 ./WHEELTEC/inv_mpu_dmp_motion_driver.o
                0x0000000008006b2e                dmp_set_tap_time_multi
 .text.dmp_set_shake_reject_thresh
                0x0000000008006b52       0x34 ./WHEELTEC/inv_mpu_dmp_motion_driver.o
                0x0000000008006b52                dmp_set_shake_reject_thresh
 .text.dmp_set_shake_reject_time
                0x0000000008006b86       0x24 ./WHEELTEC/inv_mpu_dmp_motion_driver.o
                0x0000000008006b86                dmp_set_shake_reject_time
 .text.dmp_set_shake_reject_timeout
                0x0000000008006baa       0x24 ./WHEELTEC/inv_mpu_dmp_motion_driver.o
                0x0000000008006baa                dmp_set_shake_reject_timeout
 *fill*         0x0000000008006bce        0x2 
 .text.dmp_enable_gyro_cal
                0x0000000008006bd0       0x34 ./WHEELTEC/inv_mpu_dmp_motion_driver.o
                0x0000000008006bd0                dmp_enable_gyro_cal
 .text.dmp_enable_lp_quat
                0x0000000008006c04       0x3a ./WHEELTEC/inv_mpu_dmp_motion_driver.o
                0x0000000008006c04                dmp_enable_lp_quat
 .text.dmp_enable_6x_lp_quat
                0x0000000008006c3e       0x3a ./WHEELTEC/inv_mpu_dmp_motion_driver.o
                0x0000000008006c3e                dmp_enable_6x_lp_quat
 .text.dmp_enable_feature
                0x0000000008006c78      0x1d4 ./WHEELTEC/inv_mpu_dmp_motion_driver.o
                0x0000000008006c78                dmp_enable_feature
 .text.dmp_read_fifo
                0x0000000008006e4c      0x1b0 ./WHEELTEC/inv_mpu_dmp_motion_driver.o
                0x0000000008006e4c                dmp_read_fifo
 .text.oled_show
                0x0000000008006ffc      0x25c ./WHEELTEC/show.o
                0x0000000008006ffc                oled_show
 .text.APP_Show
                0x0000000008007258      0x130 ./WHEELTEC/show.o
                0x0000000008007258                APP_Show
 .text.DataScope
                0x0000000008007388       0x8c ./WHEELTEC/show.o
                0x0000000008007388                DataScope
 .text.__errno  0x0000000008007414        0xc d:/stm32cubeide_1.10.0/stm32cubeide/plugins/com.st.stm32cube.ide.mcu.externaltools.gnu-tools-for-stm32.10.3-2021.10.win32_1.0.0.202111181127/tools/bin/../lib/gcc/arm-none-eabi/10.3.1/../../../../arm-none-eabi/lib/thumb/v7-m/nofp\libc_nano.a(lib_a-errno.o)
                0x0000000008007414                __errno
 .text.__libc_init_array
                0x0000000008007420       0x48 d:/stm32cubeide_1.10.0/stm32cubeide/plugins/com.st.stm32cube.ide.mcu.externaltools.gnu-tools-for-stm32.10.3-2021.10.win32_1.0.0.202111181127/tools/bin/../lib/gcc/arm-none-eabi/10.3.1/../../../../arm-none-eabi/lib/thumb/v7-m/nofp\libc_nano.a(lib_a-init.o)
                0x0000000008007420                __libc_init_array
 .text.memcmp   0x0000000008007468       0x20 d:/stm32cubeide_1.10.0/stm32cubeide/plugins/com.st.stm32cube.ide.mcu.externaltools.gnu-tools-for-stm32.10.3-2021.10.win32_1.0.0.202111181127/tools/bin/../lib/gcc/arm-none-eabi/10.3.1/../../../../arm-none-eabi/lib/thumb/v7-m/nofp\libc_nano.a(lib_a-memcmp.o)
                0x0000000008007468                memcmp
 .text.memset   0x0000000008007488       0x10 d:/stm32cubeide_1.10.0/stm32cubeide/plugins/com.st.stm32cube.ide.mcu.externaltools.gnu-tools-for-stm32.10.3-2021.10.win32_1.0.0.202111181127/tools/bin/../lib/gcc/arm-none-eabi/10.3.1/../../../../arm-none-eabi/lib/thumb/v7-m/nofp\libc_nano.a(lib_a-memset.o)
                0x0000000008007488                memset
 .text.printf   0x0000000008007498       0x30 d:/stm32cubeide_1.10.0/stm32cubeide/plugins/com.st.stm32cube.ide.mcu.externaltools.gnu-tools-for-stm32.10.3-2021.10.win32_1.0.0.202111181127/tools/bin/../lib/gcc/arm-none-eabi/10.3.1/../../../../arm-none-eabi/lib/thumb/v7-m/nofp\libc_nano.a(lib_a-printf.o)
                0x0000000008007498                iprintf
                0x0000000008007498                printf
 .text._puts_r  0x00000000080074c8       0xdc d:/stm32cubeide_1.10.0/stm32cubeide/plugins/com.st.stm32cube.ide.mcu.externaltools.gnu-tools-for-stm32.10.3-2021.10.win32_1.0.0.202111181127/tools/bin/../lib/gcc/arm-none-eabi/10.3.1/../../../../arm-none-eabi/lib/thumb/v7-m/nofp\libc_nano.a(lib_a-puts.o)
                0x00000000080074c8                _puts_r
 .text.puts     0x00000000080075a4       0x10 d:/stm32cubeide_1.10.0/stm32cubeide/plugins/com.st.stm32cube.ide.mcu.externaltools.gnu-tools-for-stm32.10.3-2021.10.win32_1.0.0.202111181127/tools/bin/../lib/gcc/arm-none-eabi/10.3.1/../../../../arm-none-eabi/lib/thumb/v7-m/nofp\libc_nano.a(lib_a-puts.o)
                0x00000000080075a4                puts
 .text.setvbuf  0x00000000080075b4      0x18c d:/stm32cubeide_1.10.0/stm32cubeide/plugins/com.st.stm32cube.ide.mcu.externaltools.gnu-tools-for-stm32.10.3-2021.10.win32_1.0.0.202111181127/tools/bin/../lib/gcc/arm-none-eabi/10.3.1/../../../../arm-none-eabi/lib/thumb/v7-m/nofp\libc_nano.a(lib_a-setvbuf.o)
                0x00000000080075b4                setvbuf
 .text.__swbuf_r
                0x0000000008007740       0xa4 d:/stm32cubeide_1.10.0/stm32cubeide/plugins/com.st.stm32cube.ide.mcu.externaltools.gnu-tools-for-stm32.10.3-2021.10.win32_1.0.0.202111181127/tools/bin/../lib/gcc/arm-none-eabi/10.3.1/../../../../arm-none-eabi/lib/thumb/v7-m/nofp\libc_nano.a(lib_a-wbuf.o)
                0x0000000008007740                __swbuf_r
 .text.__swsetup_r
                0x00000000080077e4       0xdc d:/stm32cubeide_1.10.0/stm32cubeide/plugins/com.st.stm32cube.ide.mcu.externaltools.gnu-tools-for-stm32.10.3-2021.10.win32_1.0.0.202111181127/tools/bin/../lib/gcc/arm-none-eabi/10.3.1/../../../../arm-none-eabi/lib/thumb/v7-m/nofp\libc_nano.a(lib_a-wsetup.o)
                0x00000000080077e4                __swsetup_r
 .text.__sflush_r
                0x00000000080078c0      0x104 d:/stm32cubeide_1.10.0/stm32cubeide/plugins/com.st.stm32cube.ide.mcu.externaltools.gnu-tools-for-stm32.10.3-2021.10.win32_1.0.0.202111181127/tools/bin/../lib/gcc/arm-none-eabi/10.3.1/../../../../arm-none-eabi/lib/thumb/v7-m/nofp\libc_nano.a(lib_a-fflush.o)
                0x00000000080078c0                __sflush_r
 .text._fflush_r
                0x00000000080079c4       0x78 d:/stm32cubeide_1.10.0/stm32cubeide/plugins/com.st.stm32cube.ide.mcu.externaltools.gnu-tools-for-stm32.10.3-2021.10.win32_1.0.0.202111181127/tools/bin/../lib/gcc/arm-none-eabi/10.3.1/../../../../arm-none-eabi/lib/thumb/v7-m/nofp\libc_nano.a(lib_a-fflush.o)
                0x00000000080079c4                _fflush_r
 .text.std      0x0000000008007a3c       0x48 d:/stm32cubeide_1.10.0/stm32cubeide/plugins/com.st.stm32cube.ide.mcu.externaltools.gnu-tools-for-stm32.10.3-2021.10.win32_1.0.0.202111181127/tools/bin/../lib/gcc/arm-none-eabi/10.3.1/../../../../arm-none-eabi/lib/thumb/v7-m/nofp\libc_nano.a(lib_a-findfp.o)
 .text._cleanup_r
                0x0000000008007a84        0xc d:/stm32cubeide_1.10.0/stm32cubeide/plugins/com.st.stm32cube.ide.mcu.externaltools.gnu-tools-for-stm32.10.3-2021.10.win32_1.0.0.202111181127/tools/bin/../lib/gcc/arm-none-eabi/10.3.1/../../../../arm-none-eabi/lib/thumb/v7-m/nofp\libc_nano.a(lib_a-findfp.o)
                0x0000000008007a84                _cleanup_r
 .text.__sfmoreglue
                0x0000000008007a90       0x2c d:/stm32cubeide_1.10.0/stm32cubeide/plugins/com.st.stm32cube.ide.mcu.externaltools.gnu-tools-for-stm32.10.3-2021.10.win32_1.0.0.202111181127/tools/bin/../lib/gcc/arm-none-eabi/10.3.1/../../../../arm-none-eabi/lib/thumb/v7-m/nofp\libc_nano.a(lib_a-findfp.o)
                0x0000000008007a90                __sfmoreglue
 .text.__sfp_lock_acquire
                0x0000000008007abc        0xc d:/stm32cubeide_1.10.0/stm32cubeide/plugins/com.st.stm32cube.ide.mcu.externaltools.gnu-tools-for-stm32.10.3-2021.10.win32_1.0.0.202111181127/tools/bin/../lib/gcc/arm-none-eabi/10.3.1/../../../../arm-none-eabi/lib/thumb/v7-m/nofp\libc_nano.a(lib_a-findfp.o)
                0x0000000008007abc                __sfp_lock_acquire
 .text.__sfp_lock_release
                0x0000000008007ac8        0xc d:/stm32cubeide_1.10.0/stm32cubeide/plugins/com.st.stm32cube.ide.mcu.externaltools.gnu-tools-for-stm32.10.3-2021.10.win32_1.0.0.202111181127/tools/bin/../lib/gcc/arm-none-eabi/10.3.1/../../../../arm-none-eabi/lib/thumb/v7-m/nofp\libc_nano.a(lib_a-findfp.o)
                0x0000000008007ac8                __sfp_lock_release
 .text.__sinit_lock_acquire
                0x0000000008007ad4        0xc d:/stm32cubeide_1.10.0/stm32cubeide/plugins/com.st.stm32cube.ide.mcu.externaltools.gnu-tools-for-stm32.10.3-2021.10.win32_1.0.0.202111181127/tools/bin/../lib/gcc/arm-none-eabi/10.3.1/../../../../arm-none-eabi/lib/thumb/v7-m/nofp\libc_nano.a(lib_a-findfp.o)
                0x0000000008007ad4                __sinit_lock_acquire
 .text.__sinit_lock_release
                0x0000000008007ae0        0xc d:/stm32cubeide_1.10.0/stm32cubeide/plugins/com.st.stm32cube.ide.mcu.externaltools.gnu-tools-for-stm32.10.3-2021.10.win32_1.0.0.202111181127/tools/bin/../lib/gcc/arm-none-eabi/10.3.1/../../../../arm-none-eabi/lib/thumb/v7-m/nofp\libc_nano.a(lib_a-findfp.o)
                0x0000000008007ae0                __sinit_lock_release
 .text.__sinit  0x0000000008007aec       0x70 d:/stm32cubeide_1.10.0/stm32cubeide/plugins/com.st.stm32cube.ide.mcu.externaltools.gnu-tools-for-stm32.10.3-2021.10.win32_1.0.0.202111181127/tools/bin/../lib/gcc/arm-none-eabi/10.3.1/../../../../arm-none-eabi/lib/thumb/v7-m/nofp\libc_nano.a(lib_a-findfp.o)
                0x0000000008007aec                __sinit
 .text.__sfp    0x0000000008007b5c       0x8c d:/stm32cubeide_1.10.0/stm32cubeide/plugins/com.st.stm32cube.ide.mcu.externaltools.gnu-tools-for-stm32.10.3-2021.10.win32_1.0.0.202111181127/tools/bin/../lib/gcc/arm-none-eabi/10.3.1/../../../../arm-none-eabi/lib/thumb/v7-m/nofp\libc_nano.a(lib_a-findfp.o)
                0x0000000008007b5c                __sfp
 .text._fwalk_reent
                0x0000000008007be8       0x3e d:/stm32cubeide_1.10.0/stm32cubeide/plugins/com.st.stm32cube.ide.mcu.externaltools.gnu-tools-for-stm32.10.3-2021.10.win32_1.0.0.202111181127/tools/bin/../lib/gcc/arm-none-eabi/10.3.1/../../../../arm-none-eabi/lib/thumb/v7-m/nofp\libc_nano.a(lib_a-fwalk.o)
                0x0000000008007be8                _fwalk_reent
 .text.__retarget_lock_init_recursive
                0x0000000008007c26        0x2 d:/stm32cubeide_1.10.0/stm32cubeide/plugins/com.st.stm32cube.ide.mcu.externaltools.gnu-tools-for-stm32.10.3-2021.10.win32_1.0.0.202111181127/tools/bin/../lib/gcc/arm-none-eabi/10.3.1/../../../../arm-none-eabi/lib/thumb/v7-m/nofp\libc_nano.a(lib_a-lock.o)
                0x0000000008007c26                __retarget_lock_init_recursive
 .text.__retarget_lock_acquire_recursive
                0x0000000008007c28        0x2 d:/stm32cubeide_1.10.0/stm32cubeide/plugins/com.st.stm32cube.ide.mcu.externaltools.gnu-tools-for-stm32.10.3-2021.10.win32_1.0.0.202111181127/tools/bin/../lib/gcc/arm-none-eabi/10.3.1/../../../../arm-none-eabi/lib/thumb/v7-m/nofp\libc_nano.a(lib_a-lock.o)
                0x0000000008007c28                __retarget_lock_acquire_recursive
 .text.__retarget_lock_release_recursive
                0x0000000008007c2a        0x2 d:/stm32cubeide_1.10.0/stm32cubeide/plugins/com.st.stm32cube.ide.mcu.externaltools.gnu-tools-for-stm32.10.3-2021.10.win32_1.0.0.202111181127/tools/bin/../lib/gcc/arm-none-eabi/10.3.1/../../../../arm-none-eabi/lib/thumb/v7-m/nofp\libc_nano.a(lib_a-lock.o)
                0x0000000008007c2a                __retarget_lock_release_recursive
 .text.__swhatbuf_r
                0x0000000008007c2c       0x4a d:/stm32cubeide_1.10.0/stm32cubeide/plugins/com.st.stm32cube.ide.mcu.externaltools.gnu-tools-for-stm32.10.3-2021.10.win32_1.0.0.202111181127/tools/bin/../lib/gcc/arm-none-eabi/10.3.1/../../../../arm-none-eabi/lib/thumb/v7-m/nofp\libc_nano.a(lib_a-makebuf.o)
                0x0000000008007c2c                __swhatbuf_r
 *fill*         0x0000000008007c76        0x2 
 .text.__smakebuf_r
                0x0000000008007c78       0x80 d:/stm32cubeide_1.10.0/stm32cubeide/plugins/com.st.stm32cube.ide.mcu.externaltools.gnu-tools-for-stm32.10.3-2021.10.win32_1.0.0.202111181127/tools/bin/../lib/gcc/arm-none-eabi/10.3.1/../../../../arm-none-eabi/lib/thumb/v7-m/nofp\libc_nano.a(lib_a-makebuf.o)
                0x0000000008007c78                __smakebuf_r
 .text.malloc   0x0000000008007cf8       0x10 d:/stm32cubeide_1.10.0/stm32cubeide/plugins/com.st.stm32cube.ide.mcu.externaltools.gnu-tools-for-stm32.10.3-2021.10.win32_1.0.0.202111181127/tools/bin/../lib/gcc/arm-none-eabi/10.3.1/../../../../arm-none-eabi/lib/thumb/v7-m/nofp\libc_nano.a(lib_a-malloc.o)
                0x0000000008007cf8                malloc
 .text._free_r  0x0000000008007d08       0x90 d:/stm32cubeide_1.10.0/stm32cubeide/plugins/com.st.stm32cube.ide.mcu.externaltools.gnu-tools-for-stm32.10.3-2021.10.win32_1.0.0.202111181127/tools/bin/../lib/gcc/arm-none-eabi/10.3.1/../../../../arm-none-eabi/lib/thumb/v7-m/nofp\libc_nano.a(lib_a-nano-freer.o)
                0x0000000008007d08                _free_r
 .text.sbrk_aligned
                0x0000000008007d98       0x40 d:/stm32cubeide_1.10.0/stm32cubeide/plugins/com.st.stm32cube.ide.mcu.externaltools.gnu-tools-for-stm32.10.3-2021.10.win32_1.0.0.202111181127/tools/bin/../lib/gcc/arm-none-eabi/10.3.1/../../../../arm-none-eabi/lib/thumb/v7-m/nofp\libc_nano.a(lib_a-nano-mallocr.o)
 .text._malloc_r
                0x0000000008007dd8       0xe8 d:/stm32cubeide_1.10.0/stm32cubeide/plugins/com.st.stm32cube.ide.mcu.externaltools.gnu-tools-for-stm32.10.3-2021.10.win32_1.0.0.202111181127/tools/bin/../lib/gcc/arm-none-eabi/10.3.1/../../../../arm-none-eabi/lib/thumb/v7-m/nofp\libc_nano.a(lib_a-nano-mallocr.o)
                0x0000000008007dd8                _malloc_r
 .text.__sfputc_r
                0x0000000008007ec0       0x2a d:/stm32cubeide_1.10.0/stm32cubeide/plugins/com.st.stm32cube.ide.mcu.externaltools.gnu-tools-for-stm32.10.3-2021.10.win32_1.0.0.202111181127/tools/bin/../lib/gcc/arm-none-eabi/10.3.1/../../../../arm-none-eabi/lib/thumb/v7-m/nofp\libc_nano.a(lib_a-nano-vfprintf.o)
 .text.__sfputs_r
                0x0000000008007eea       0x24 d:/stm32cubeide_1.10.0/stm32cubeide/plugins/com.st.stm32cube.ide.mcu.externaltools.gnu-tools-for-stm32.10.3-2021.10.win32_1.0.0.202111181127/tools/bin/../lib/gcc/arm-none-eabi/10.3.1/../../../../arm-none-eabi/lib/thumb/v7-m/nofp\libc_nano.a(lib_a-nano-vfprintf.o)
                0x0000000008007eea                __sfputs_r
 *fill*         0x0000000008007f0e        0x2 
 .text._vfprintf_r
                0x0000000008007f10      0x260 d:/stm32cubeide_1.10.0/stm32cubeide/plugins/com.st.stm32cube.ide.mcu.externaltools.gnu-tools-for-stm32.10.3-2021.10.win32_1.0.0.202111181127/tools/bin/../lib/gcc/arm-none-eabi/10.3.1/../../../../arm-none-eabi/lib/thumb/v7-m/nofp\libc_nano.a(lib_a-nano-vfprintf.o)
                0x0000000008007f10                _vfprintf_r
                0x0000000008007f10                _vfiprintf_r
 .text._printf_common
                0x0000000008008170       0xde d:/stm32cubeide_1.10.0/stm32cubeide/plugins/com.st.stm32cube.ide.mcu.externaltools.gnu-tools-for-stm32.10.3-2021.10.win32_1.0.0.202111181127/tools/bin/../lib/gcc/arm-none-eabi/10.3.1/../../../../arm-none-eabi/lib/thumb/v7-m/nofp\libc_nano.a(lib_a-nano-vfprintf_i.o)
                0x0000000008008170                _printf_common
 *fill*         0x000000000800824e        0x2 
 .text._printf_i
                0x0000000008008250      0x24c d:/stm32cubeide_1.10.0/stm32cubeide/plugins/com.st.stm32cube.ide.mcu.externaltools.gnu-tools-for-stm32.10.3-2021.10.win32_1.0.0.202111181127/tools/bin/../lib/gcc/arm-none-eabi/10.3.1/../../../../arm-none-eabi/lib/thumb/v7-m/nofp\libc_nano.a(lib_a-nano-vfprintf_i.o)
                0x0000000008008250                _printf_i
 .text._sbrk_r  0x000000000800849c       0x20 d:/stm32cubeide_1.10.0/stm32cubeide/plugins/com.st.stm32cube.ide.mcu.externaltools.gnu-tools-for-stm32.10.3-2021.10.win32_1.0.0.202111181127/tools/bin/../lib/gcc/arm-none-eabi/10.3.1/../../../../arm-none-eabi/lib/thumb/v7-m/nofp\libc_nano.a(lib_a-sbrkr.o)
                0x000000000800849c                _sbrk_r
 .text.__sread  0x00000000080084bc       0x22 d:/stm32cubeide_1.10.0/stm32cubeide/plugins/com.st.stm32cube.ide.mcu.externaltools.gnu-tools-for-stm32.10.3-2021.10.win32_1.0.0.202111181127/tools/bin/../lib/gcc/arm-none-eabi/10.3.1/../../../../arm-none-eabi/lib/thumb/v7-m/nofp\libc_nano.a(lib_a-stdio.o)
                0x00000000080084bc                __sread
 .text.__swrite
                0x00000000080084de       0x38 d:/stm32cubeide_1.10.0/stm32cubeide/plugins/com.st.stm32cube.ide.mcu.externaltools.gnu-tools-for-stm32.10.3-2021.10.win32_1.0.0.202111181127/tools/bin/../lib/gcc/arm-none-eabi/10.3.1/../../../../arm-none-eabi/lib/thumb/v7-m/nofp\libc_nano.a(lib_a-stdio.o)
                0x00000000080084de                __swrite
 .text.__sseek  0x0000000008008516       0x24 d:/stm32cubeide_1.10.0/stm32cubeide/plugins/com.st.stm32cube.ide.mcu.externaltools.gnu-tools-for-stm32.10.3-2021.10.win32_1.0.0.202111181127/tools/bin/../lib/gcc/arm-none-eabi/10.3.1/../../../../arm-none-eabi/lib/thumb/v7-m/nofp\libc_nano.a(lib_a-stdio.o)
                0x0000000008008516                __sseek
 .text.__sclose
                0x000000000800853a        0x8 d:/stm32cubeide_1.10.0/stm32cubeide/plugins/com.st.stm32cube.ide.mcu.externaltools.gnu-tools-for-stm32.10.3-2021.10.win32_1.0.0.202111181127/tools/bin/../lib/gcc/arm-none-eabi/10.3.1/../../../../arm-none-eabi/lib/thumb/v7-m/nofp\libc_nano.a(lib_a-stdio.o)
                0x000000000800853a                __sclose
 *fill*         0x0000000008008542        0x2 
 .text._write_r
                0x0000000008008544       0x24 d:/stm32cubeide_1.10.0/stm32cubeide/plugins/com.st.stm32cube.ide.mcu.externaltools.gnu-tools-for-stm32.10.3-2021.10.win32_1.0.0.202111181127/tools/bin/../lib/gcc/arm-none-eabi/10.3.1/../../../../arm-none-eabi/lib/thumb/v7-m/nofp\libc_nano.a(lib_a-writer.o)
                0x0000000008008544                _write_r
 .text._close_r
                0x0000000008008568       0x20 d:/stm32cubeide_1.10.0/stm32cubeide/plugins/com.st.stm32cube.ide.mcu.externaltools.gnu-tools-for-stm32.10.3-2021.10.win32_1.0.0.202111181127/tools/bin/../lib/gcc/arm-none-eabi/10.3.1/../../../../arm-none-eabi/lib/thumb/v7-m/nofp\libc_nano.a(lib_a-closer.o)
                0x0000000008008568                _close_r
 .text._fstat_r
                0x0000000008008588       0x24 d:/stm32cubeide_1.10.0/stm32cubeide/plugins/com.st.stm32cube.ide.mcu.externaltools.gnu-tools-for-stm32.10.3-2021.10.win32_1.0.0.202111181127/tools/bin/../lib/gcc/arm-none-eabi/10.3.1/../../../../arm-none-eabi/lib/thumb/v7-m/nofp\libc_nano.a(lib_a-fstatr.o)
                0x0000000008008588                _fstat_r
 .text._isatty_r
                0x00000000080085ac       0x20 d:/stm32cubeide_1.10.0/stm32cubeide/plugins/com.st.stm32cube.ide.mcu.externaltools.gnu-tools-for-stm32.10.3-2021.10.win32_1.0.0.202111181127/tools/bin/../lib/gcc/arm-none-eabi/10.3.1/../../../../arm-none-eabi/lib/thumb/v7-m/nofp\libc_nano.a(lib_a-isattyr.o)
                0x00000000080085ac                _isatty_r
 .text._lseek_r
                0x00000000080085cc       0x24 d:/stm32cubeide_1.10.0/stm32cubeide/plugins/com.st.stm32cube.ide.mcu.externaltools.gnu-tools-for-stm32.10.3-2021.10.win32_1.0.0.202111181127/tools/bin/../lib/gcc/arm-none-eabi/10.3.1/../../../../arm-none-eabi/lib/thumb/v7-m/nofp\libc_nano.a(lib_a-lseekr.o)
                0x00000000080085cc                _lseek_r
 .text.memchr   0x00000000080085f0       0x1c d:/stm32cubeide_1.10.0/stm32cubeide/plugins/com.st.stm32cube.ide.mcu.externaltools.gnu-tools-for-stm32.10.3-2021.10.win32_1.0.0.202111181127/tools/bin/../lib/gcc/arm-none-eabi/10.3.1/../../../../arm-none-eabi/lib/thumb/v7-m/nofp\libc_nano.a(lib_a-memchr-stub.o)
                0x00000000080085f0                memchr
 .text.__malloc_lock
                0x000000000800860c        0xc d:/stm32cubeide_1.10.0/stm32cubeide/plugins/com.st.stm32cube.ide.mcu.externaltools.gnu-tools-for-stm32.10.3-2021.10.win32_1.0.0.202111181127/tools/bin/../lib/gcc/arm-none-eabi/10.3.1/../../../../arm-none-eabi/lib/thumb/v7-m/nofp\libc_nano.a(lib_a-mlock.o)
                0x000000000800860c                __malloc_lock
 .text.__malloc_unlock
                0x0000000008008618        0xc d:/stm32cubeide_1.10.0/stm32cubeide/plugins/com.st.stm32cube.ide.mcu.externaltools.gnu-tools-for-stm32.10.3-2021.10.win32_1.0.0.202111181127/tools/bin/../lib/gcc/arm-none-eabi/10.3.1/../../../../arm-none-eabi/lib/thumb/v7-m/nofp\libc_nano.a(lib_a-mlock.o)
                0x0000000008008618                __malloc_unlock
 .text._read_r  0x0000000008008624       0x24 d:/stm32cubeide_1.10.0/stm32cubeide/plugins/com.st.stm32cube.ide.mcu.externaltools.gnu-tools-for-stm32.10.3-2021.10.win32_1.0.0.202111181127/tools/bin/../lib/gcc/arm-none-eabi/10.3.1/../../../../arm-none-eabi/lib/thumb/v7-m/nofp\libc_nano.a(lib_a-readr.o)
                0x0000000008008624                _read_r
 .text.asin     0x0000000008008648       0x50 d:/stm32cubeide_1.10.0/stm32cubeide/plugins/com.st.stm32cube.ide.mcu.externaltools.gnu-tools-for-stm32.10.3-2021.10.win32_1.0.0.202111181127/tools/bin/../lib/gcc/arm-none-eabi/10.3.1/../../../../arm-none-eabi/lib/thumb/v7-m/nofp\libm.a(lib_a-w_asin.o)
                0x0000000008008648                asin
 .text.atan2    0x0000000008008698        0x4 d:/stm32cubeide_1.10.0/stm32cubeide/plugins/com.st.stm32cube.ide.mcu.externaltools.gnu-tools-for-stm32.10.3-2021.10.win32_1.0.0.202111181127/tools/bin/../lib/gcc/arm-none-eabi/10.3.1/../../../../arm-none-eabi/lib/thumb/v7-m/nofp\libm.a(lib_a-w_atan2.o)
                0x0000000008008698                atan2
 .text.pow      0x000000000800869c       0xd0 d:/stm32cubeide_1.10.0/stm32cubeide/plugins/com.st.stm32cube.ide.mcu.externaltools.gnu-tools-for-stm32.10.3-2021.10.win32_1.0.0.202111181127/tools/bin/../lib/gcc/arm-none-eabi/10.3.1/../../../../arm-none-eabi/lib/thumb/v7-m/nofp\libm.a(lib_a-w_pow.o)
                0x000000000800869c                pow
 *fill*         0x000000000800876c        0x4 
 .text.__ieee754_asin
                0x0000000008008770      0x3f8 d:/stm32cubeide_1.10.0/stm32cubeide/plugins/com.st.stm32cube.ide.mcu.externaltools.gnu-tools-for-stm32.10.3-2021.10.win32_1.0.0.202111181127/tools/bin/../lib/gcc/arm-none-eabi/10.3.1/../../../../arm-none-eabi/lib/thumb/v7-m/nofp\libm.a(lib_a-e_asin.o)
                0x0000000008008770                __ieee754_asin
 .text.__ieee754_atan2
                0x0000000008008b68      0x1a4 d:/stm32cubeide_1.10.0/stm32cubeide/plugins/com.st.stm32cube.ide.mcu.externaltools.gnu-tools-for-stm32.10.3-2021.10.win32_1.0.0.202111181127/tools/bin/../lib/gcc/arm-none-eabi/10.3.1/../../../../arm-none-eabi/lib/thumb/v7-m/nofp\libm.a(lib_a-e_atan2.o)
                0x0000000008008b68                __ieee754_atan2
 *fill*         0x0000000008008d0c        0x4 
 .text.__ieee754_pow
                0x0000000008008d10      0xa2c d:/stm32cubeide_1.10.0/stm32cubeide/plugins/com.st.stm32cube.ide.mcu.externaltools.gnu-tools-for-stm32.10.3-2021.10.win32_1.0.0.202111181127/tools/bin/../lib/gcc/arm-none-eabi/10.3.1/../../../../arm-none-eabi/lib/thumb/v7-m/nofp\libm.a(lib_a-e_pow.o)
                0x0000000008008d10                __ieee754_pow
 .text.__ieee754_sqrt
                0x000000000800973c      0x160 d:/stm32cubeide_1.10.0/stm32cubeide/plugins/com.st.stm32cube.ide.mcu.externaltools.gnu-tools-for-stm32.10.3-2021.10.win32_1.0.0.202111181127/tools/bin/../lib/gcc/arm-none-eabi/10.3.1/../../../../arm-none-eabi/lib/thumb/v7-m/nofp\libm.a(lib_a-e_sqrt.o)
                0x000000000800973c                __ieee754_sqrt
 .text.with_errno
                0x000000000800989c       0x14 d:/stm32cubeide_1.10.0/stm32cubeide/plugins/com.st.stm32cube.ide.mcu.externaltools.gnu-tools-for-stm32.10.3-2021.10.win32_1.0.0.202111181127/tools/bin/../lib/gcc/arm-none-eabi/10.3.1/../../../../arm-none-eabi/lib/thumb/v7-m/nofp\libm.a(lib_a-math_err.o)
 .text.xflow    0x00000000080098b0       0x30 d:/stm32cubeide_1.10.0/stm32cubeide/plugins/com.st.stm32cube.ide.mcu.externaltools.gnu-tools-for-stm32.10.3-2021.10.win32_1.0.0.202111181127/tools/bin/../lib/gcc/arm-none-eabi/10.3.1/../../../../arm-none-eabi/lib/thumb/v7-m/nofp\libm.a(lib_a-math_err.o)
 .text.__math_uflow
                0x00000000080098e0        0xa d:/stm32cubeide_1.10.0/stm32cubeide/plugins/com.st.stm32cube.ide.mcu.externaltools.gnu-tools-for-stm32.10.3-2021.10.win32_1.0.0.202111181127/tools/bin/../lib/gcc/arm-none-eabi/10.3.1/../../../../arm-none-eabi/lib/thumb/v7-m/nofp\libm.a(lib_a-math_err.o)
                0x00000000080098e0                __math_uflow
 .text.__math_oflow
                0x00000000080098ea        0xa d:/stm32cubeide_1.10.0/stm32cubeide/plugins/com.st.stm32cube.ide.mcu.externaltools.gnu-tools-for-stm32.10.3-2021.10.win32_1.0.0.202111181127/tools/bin/../lib/gcc/arm-none-eabi/10.3.1/../../../../arm-none-eabi/lib/thumb/v7-m/nofp\libm.a(lib_a-math_err.o)
                0x00000000080098ea                __math_oflow
 *fill*         0x00000000080098f4        0x4 
 .text.atan     0x00000000080098f8      0x314 d:/stm32cubeide_1.10.0/stm32cubeide/plugins/com.st.stm32cube.ide.mcu.externaltools.gnu-tools-for-stm32.10.3-2021.10.win32_1.0.0.202111181127/tools/bin/../lib/gcc/arm-none-eabi/10.3.1/../../../../arm-none-eabi/lib/thumb/v7-m/nofp\libm.a(lib_a-s_atan.o)
                0x00000000080098f8                atan
 .text.fabs     0x0000000008009c0c        0x6 d:/stm32cubeide_1.10.0/stm32cubeide/plugins/com.st.stm32cube.ide.mcu.externaltools.gnu-tools-for-stm32.10.3-2021.10.win32_1.0.0.202111181127/tools/bin/../lib/gcc/arm-none-eabi/10.3.1/../../../../arm-none-eabi/lib/thumb/v7-m/nofp\libm.a(lib_a-s_fabs.o)
                0x0000000008009c0c                fabs
 .text.finite   0x0000000008009c12        0xc d:/stm32cubeide_1.10.0/stm32cubeide/plugins/com.st.stm32cube.ide.mcu.externaltools.gnu-tools-for-stm32.10.3-2021.10.win32_1.0.0.202111181127/tools/bin/../lib/gcc/arm-none-eabi/10.3.1/../../../../arm-none-eabi/lib/thumb/v7-m/nofp\libm.a(lib_a-s_finite.o)
                0x0000000008009c12                finite
 *fill*         0x0000000008009c1e        0x2 
 .text.nan      0x0000000008009c20        0xc d:/stm32cubeide_1.10.0/stm32cubeide/plugins/com.st.stm32cube.ide.mcu.externaltools.gnu-tools-for-stm32.10.3-2021.10.win32_1.0.0.202111181127/tools/bin/../lib/gcc/arm-none-eabi/10.3.1/../../../../arm-none-eabi/lib/thumb/v7-m/nofp\libm.a(lib_a-s_nan.o)
                0x0000000008009c20                nan
 *fill*         0x0000000008009c2c        0x4 
 .text.scalbn   0x0000000008009c30       0xfc d:/stm32cubeide_1.10.0/stm32cubeide/plugins/com.st.stm32cube.ide.mcu.externaltools.gnu-tools-for-stm32.10.3-2021.10.win32_1.0.0.202111181127/tools/bin/../lib/gcc/arm-none-eabi/10.3.1/../../../../arm-none-eabi/lib/thumb/v7-m/nofp\libm.a(lib_a-s_scalbn.o)
                0x0000000008009c30                scalbn
 *(.glue_7)
 .glue_7        0x0000000008009d2c        0x0 linker stubs
 *(.glue_7t)
 .glue_7t       0x0000000008009d2c        0x0 linker stubs
 *(.eh_frame)
 .eh_frame      0x0000000008009d2c        0x0 d:/stm32cubeide_1.10.0/stm32cubeide/plugins/com.st.stm32cube.ide.mcu.externaltools.gnu-tools-for-stm32.10.3-2021.10.win32_1.0.0.202111181127/tools/bin/../lib/gcc/arm-none-eabi/10.3.1/thumb/v7-m/nofp/crtbegin.o
 *(.init)
 .init          0x0000000008009d2c        0x4 d:/stm32cubeide_1.10.0/stm32cubeide/plugins/com.st.stm32cube.ide.mcu.externaltools.gnu-tools-for-stm32.10.3-2021.10.win32_1.0.0.202111181127/tools/bin/../lib/gcc/arm-none-eabi/10.3.1/thumb/v7-m/nofp/crti.o
                0x0000000008009d2c                _init
 .init          0x0000000008009d30        0x8 d:/stm32cubeide_1.10.0/stm32cubeide/plugins/com.st.stm32cube.ide.mcu.externaltools.gnu-tools-for-stm32.10.3-2021.10.win32_1.0.0.202111181127/tools/bin/../lib/gcc/arm-none-eabi/10.3.1/thumb/v7-m/nofp/crtn.o
 *(.fini)
 .fini          0x0000000008009d38        0x4 d:/stm32cubeide_1.10.0/stm32cubeide/plugins/com.st.stm32cube.ide.mcu.externaltools.gnu-tools-for-stm32.10.3-2021.10.win32_1.0.0.202111181127/tools/bin/../lib/gcc/arm-none-eabi/10.3.1/thumb/v7-m/nofp/crti.o
                0x0000000008009d38                _fini
 .fini          0x0000000008009d3c        0x8 d:/stm32cubeide_1.10.0/stm32cubeide/plugins/com.st.stm32cube.ide.mcu.externaltools.gnu-tools-for-stm32.10.3-2021.10.win32_1.0.0.202111181127/tools/bin/../lib/gcc/arm-none-eabi/10.3.1/thumb/v7-m/nofp/crtn.o
                0x0000000008009d44                . = ALIGN (0x4)
                0x0000000008009d44                _etext = .

.vfp11_veneer   0x0000000008009d44        0x0
 .vfp11_veneer  0x0000000008009d44        0x0 linker stubs

.v4_bx          0x0000000008009d44        0x0
 .v4_bx         0x0000000008009d44        0x0 linker stubs

.iplt           0x0000000008009d44        0x0
 .iplt          0x0000000008009d44        0x0 d:/stm32cubeide_1.10.0/stm32cubeide/plugins/com.st.stm32cube.ide.mcu.externaltools.gnu-tools-for-stm32.10.3-2021.10.win32_1.0.0.202111181127/tools/bin/../lib/gcc/arm-none-eabi/10.3.1/thumb/v7-m/nofp/crtbegin.o

.rodata         0x0000000008009d48     0x1a90
                0x0000000008009d48                . = ALIGN (0x4)
 *(.rodata)
 *(.rodata*)
 .rodata.oled_asc2_1206
                0x0000000008009d48      0x474 ./BSPcode/oled.o
                0x0000000008009d48                oled_asc2_1206
 .rodata.oled_asc2_1608
                0x000000000800a1bc      0x5f0 ./BSPcode/oled.o
                0x000000000800a1bc                oled_asc2_1608
 .rodata.AHBPrescTable
                0x000000000800a7ac       0x10 ./Core/Src/system_stm32f1xx.o
                0x000000000800a7ac                AHBPrescTable
 .rodata.APBPrescTable
                0x000000000800a7bc        0x8 ./Core/Src/system_stm32f1xx.o
                0x000000000800a7bc                APBPrescTable
 .rodata.HAL_RCC_GetSysClockFreq.str1.1
                0x000000000800a7c4       0x11 ./Drivers/STM32F1xx_HAL_Driver/Src/stm32f1xx_hal_rcc.o
 .rodata.HAL_RCCEx_GetPeriphCLKFreq.str1.1
                0x000000000800a7d5       0x11 ./Drivers/STM32F1xx_HAL_Driver/Src/stm32f1xx_hal_rcc_ex.o
 .rodata.DMP_Init.str1.1
                0x000000000800a7d5      0x14a ./WHEELTEC/MPU6050.o
 .rodata.mpu_init.str1.1
                0x000000000800a91f       0x91 ./WHEELTEC/inv_mpu.o
 .rodata.hw     0x000000000800a9b0        0xc ./WHEELTEC/inv_mpu.o
                0x000000000800a9b0                hw
 .rodata.reg    0x000000000800a9bc       0x1b ./WHEELTEC/inv_mpu.o
                0x000000000800a9bc                reg
 *fill*         0x000000000800a9d7        0x1 
 .rodata.test   0x000000000800a9d8       0x28 ./WHEELTEC/inv_mpu.o
                0x000000000800a9d8                test
 .rodata.dmp_enable_gyro_cal.part.0.str1.1
                0x000000000800aa00        0xa ./WHEELTEC/inv_mpu_dmp_motion_driver.o
 .rodata.dmp_set_orientation.str1.1
                0x000000000800aa0a       0x10 ./WHEELTEC/inv_mpu_dmp_motion_driver.o
 .rodata.dmp_set_fifo_rate.str1.1
                0x000000000800aa1a        0xd ./WHEELTEC/inv_mpu_dmp_motion_driver.o
 .rodata.dmp_enable_gyro_cal.str1.1
                0x000000000800aa27        0xa ./WHEELTEC/inv_mpu_dmp_motion_driver.o
 .rodata.dmp_memory
                0x000000000800aa31      0xbf6 ./WHEELTEC/inv_mpu_dmp_motion_driver.o
 .rodata.oled_show.str1.1
                0x000000000800b627       0x3a ./WHEELTEC/show.o
 .rodata.APP_Show.str1.1
                0x000000000800b661       0x38 ./WHEELTEC/show.o
 *fill*         0x000000000800b699        0x3 
 .rodata._global_impure_ptr
                0x000000000800b69c        0x4 d:/stm32cubeide_1.10.0/stm32cubeide/plugins/com.st.stm32cube.ide.mcu.externaltools.gnu-tools-for-stm32.10.3-2021.10.win32_1.0.0.202111181127/tools/bin/../lib/gcc/arm-none-eabi/10.3.1/../../../../arm-none-eabi/lib/thumb/v7-m/nofp\libc_nano.a(lib_a-impure.o)
                0x000000000800b69c                _global_impure_ptr
 .rodata.__sf_fake_stderr
                0x000000000800b6a0       0x20 d:/stm32cubeide_1.10.0/stm32cubeide/plugins/com.st.stm32cube.ide.mcu.externaltools.gnu-tools-for-stm32.10.3-2021.10.win32_1.0.0.202111181127/tools/bin/../lib/gcc/arm-none-eabi/10.3.1/../../../../arm-none-eabi/lib/thumb/v7-m/nofp\libc_nano.a(lib_a-findfp.o)
                0x000000000800b6a0                __sf_fake_stderr
 .rodata.__sf_fake_stdin
                0x000000000800b6c0       0x20 d:/stm32cubeide_1.10.0/stm32cubeide/plugins/com.st.stm32cube.ide.mcu.externaltools.gnu-tools-for-stm32.10.3-2021.10.win32_1.0.0.202111181127/tools/bin/../lib/gcc/arm-none-eabi/10.3.1/../../../../arm-none-eabi/lib/thumb/v7-m/nofp\libc_nano.a(lib_a-findfp.o)
                0x000000000800b6c0                __sf_fake_stdin
 .rodata.__sf_fake_stdout
                0x000000000800b6e0       0x20 d:/stm32cubeide_1.10.0/stm32cubeide/plugins/com.st.stm32cube.ide.mcu.externaltools.gnu-tools-for-stm32.10.3-2021.10.win32_1.0.0.202111181127/tools/bin/../lib/gcc/arm-none-eabi/10.3.1/../../../../arm-none-eabi/lib/thumb/v7-m/nofp\libc_nano.a(lib_a-findfp.o)
                0x000000000800b6e0                __sf_fake_stdout
 .rodata._vfprintf_r.str1.1
                0x000000000800b700       0x11 d:/stm32cubeide_1.10.0/stm32cubeide/plugins/com.st.stm32cube.ide.mcu.externaltools.gnu-tools-for-stm32.10.3-2021.10.win32_1.0.0.202111181127/tools/bin/../lib/gcc/arm-none-eabi/10.3.1/../../../../arm-none-eabi/lib/thumb/v7-m/nofp\libc_nano.a(lib_a-nano-vfprintf.o)
 .rodata._printf_i.str1.1
                0x000000000800b711       0x22 d:/stm32cubeide_1.10.0/stm32cubeide/plugins/com.st.stm32cube.ide.mcu.externaltools.gnu-tools-for-stm32.10.3-2021.10.win32_1.0.0.202111181127/tools/bin/../lib/gcc/arm-none-eabi/10.3.1/../../../../arm-none-eabi/lib/thumb/v7-m/nofp\libc_nano.a(lib_a-nano-vfprintf_i.o)
 .rodata.asin.str1.1
                0x000000000800b733       0x22 d:/stm32cubeide_1.10.0/stm32cubeide/plugins/com.st.stm32cube.ide.mcu.externaltools.gnu-tools-for-stm32.10.3-2021.10.win32_1.0.0.202111181127/tools/bin/../lib/gcc/arm-none-eabi/10.3.1/../../../../arm-none-eabi/lib/thumb/v7-m/nofp\libm.a(lib_a-w_asin.o)
                                          0x1 (size before relaxing)
 *fill*         0x000000000800b733        0x5 
 .rodata.CSWTCH.8
                0x000000000800b738       0x18 d:/stm32cubeide_1.10.0/stm32cubeide/plugins/com.st.stm32cube.ide.mcu.externaltools.gnu-tools-for-stm32.10.3-2021.10.win32_1.0.0.202111181127/tools/bin/../lib/gcc/arm-none-eabi/10.3.1/../../../../arm-none-eabi/lib/thumb/v7-m/nofp\libm.a(lib_a-e_atan2.o)
 .rodata.CSWTCH.9
                0x000000000800b750       0x18 d:/stm32cubeide_1.10.0/stm32cubeide/plugins/com.st.stm32cube.ide.mcu.externaltools.gnu-tools-for-stm32.10.3-2021.10.win32_1.0.0.202111181127/tools/bin/../lib/gcc/arm-none-eabi/10.3.1/../../../../arm-none-eabi/lib/thumb/v7-m/nofp\libm.a(lib_a-e_atan2.o)
 .rodata.bp     0x000000000800b768       0x10 d:/stm32cubeide_1.10.0/stm32cubeide/plugins/com.st.stm32cube.ide.mcu.externaltools.gnu-tools-for-stm32.10.3-2021.10.win32_1.0.0.202111181127/tools/bin/../lib/gcc/arm-none-eabi/10.3.1/../../../../arm-none-eabi/lib/thumb/v7-m/nofp\libm.a(lib_a-e_pow.o)
 .rodata.dp_h   0x000000000800b778       0x10 d:/stm32cubeide_1.10.0/stm32cubeide/plugins/com.st.stm32cube.ide.mcu.externaltools.gnu-tools-for-stm32.10.3-2021.10.win32_1.0.0.202111181127/tools/bin/../lib/gcc/arm-none-eabi/10.3.1/../../../../arm-none-eabi/lib/thumb/v7-m/nofp\libm.a(lib_a-e_pow.o)
 .rodata.dp_l   0x000000000800b788       0x10 d:/stm32cubeide_1.10.0/stm32cubeide/plugins/com.st.stm32cube.ide.mcu.externaltools.gnu-tools-for-stm32.10.3-2021.10.win32_1.0.0.202111181127/tools/bin/../lib/gcc/arm-none-eabi/10.3.1/../../../../arm-none-eabi/lib/thumb/v7-m/nofp\libm.a(lib_a-e_pow.o)
 .rodata.atanhi
                0x000000000800b798       0x20 d:/stm32cubeide_1.10.0/stm32cubeide/plugins/com.st.stm32cube.ide.mcu.externaltools.gnu-tools-for-stm32.10.3-2021.10.win32_1.0.0.202111181127/tools/bin/../lib/gcc/arm-none-eabi/10.3.1/../../../../arm-none-eabi/lib/thumb/v7-m/nofp\libm.a(lib_a-s_atan.o)
 .rodata.atanlo
                0x000000000800b7b8       0x20 d:/stm32cubeide_1.10.0/stm32cubeide/plugins/com.st.stm32cube.ide.mcu.externaltools.gnu-tools-for-stm32.10.3-2021.10.win32_1.0.0.202111181127/tools/bin/../lib/gcc/arm-none-eabi/10.3.1/../../../../arm-none-eabi/lib/thumb/v7-m/nofp\libm.a(lib_a-s_atan.o)
                0x000000000800b7d8                . = ALIGN (0x4)

.ARM.extab      0x000000000800b7d8        0x0
                0x000000000800b7d8                . = ALIGN (0x4)
 *(.ARM.extab* .gnu.linkonce.armextab.*)
                0x000000000800b7d8                . = ALIGN (0x4)

.ARM            0x000000000800b7d8        0x8
                0x000000000800b7d8                . = ALIGN (0x4)
                0x000000000800b7d8                __exidx_start = .
 *(.ARM.exidx*)
 .ARM.exidx     0x000000000800b7d8        0x8 d:/stm32cubeide_1.10.0/stm32cubeide/plugins/com.st.stm32cube.ide.mcu.externaltools.gnu-tools-for-stm32.10.3-2021.10.win32_1.0.0.202111181127/tools/bin/../lib/gcc/arm-none-eabi/10.3.1/thumb/v7-m/nofp\libgcc.a(_udivmoddi4.o)
                0x000000000800b7e0                __exidx_end = .
                0x000000000800b7e0                . = ALIGN (0x4)

.rel.dyn        0x000000000800b7e0        0x0
 .rel.iplt      0x000000000800b7e0        0x0 d:/stm32cubeide_1.10.0/stm32cubeide/plugins/com.st.stm32cube.ide.mcu.externaltools.gnu-tools-for-stm32.10.3-2021.10.win32_1.0.0.202111181127/tools/bin/../lib/gcc/arm-none-eabi/10.3.1/thumb/v7-m/nofp/crtbegin.o

.preinit_array  0x000000000800b7e0        0x0
                0x000000000800b7e0                . = ALIGN (0x4)
                0x000000000800b7e0                PROVIDE (__preinit_array_start = .)
 *(.preinit_array*)
                0x000000000800b7e0                PROVIDE (__preinit_array_end = .)
                0x000000000800b7e0                . = ALIGN (0x4)

.init_array     0x000000000800b7e0        0x4
                0x000000000800b7e0                . = ALIGN (0x4)
                0x000000000800b7e0                PROVIDE (__init_array_start = .)
 *(SORT_BY_NAME(.init_array.*))
 *(.init_array*)
 .init_array    0x000000000800b7e0        0x4 d:/stm32cubeide_1.10.0/stm32cubeide/plugins/com.st.stm32cube.ide.mcu.externaltools.gnu-tools-for-stm32.10.3-2021.10.win32_1.0.0.202111181127/tools/bin/../lib/gcc/arm-none-eabi/10.3.1/thumb/v7-m/nofp/crtbegin.o
                0x000000000800b7e4                PROVIDE (__init_array_end = .)
                0x000000000800b7e4                . = ALIGN (0x4)

.fini_array     0x000000000800b7e4        0x4
                0x000000000800b7e4                . = ALIGN (0x4)
                [!provide]                        PROVIDE (__fini_array_start = .)
 *(SORT_BY_NAME(.fini_array.*))
 *(.fini_array*)
 .fini_array    0x000000000800b7e4        0x4 d:/stm32cubeide_1.10.0/stm32cubeide/plugins/com.st.stm32cube.ide.mcu.externaltools.gnu-tools-for-stm32.10.3-2021.10.win32_1.0.0.202111181127/tools/bin/../lib/gcc/arm-none-eabi/10.3.1/thumb/v7-m/nofp/crtbegin.o
                [!provide]                        PROVIDE (__fini_array_end = .)
                0x000000000800b7e8                . = ALIGN (0x4)
                0x000000000800b7e8                _sidata = LOADADDR (.data)

.data           0x0000000020000000       0xec load address 0x000000000800b7e8
                0x0000000020000000                . = ALIGN (0x4)
                0x0000000020000000                _sdata = .
 *(.data)
 *(.data*)
 .data.Balance_Kd
                0x0000000020000000        0x4 ./Core/Src/main.o
                0x0000000020000000                Balance_Kd
 .data.Balance_Kp
                0x0000000020000004        0x4 ./Core/Src/main.o
                0x0000000020000004                Balance_Kp
 .data.Flag_Stop
                0x0000000020000008        0x1 ./Core/Src/main.o
                0x0000000020000008                Flag_Stop
 *fill*         0x0000000020000009        0x3 
 .data.Servo    0x000000002000000c        0x4 ./Core/Src/main.o
                0x000000002000000c                Servo
 .data.Turn_Kp  0x0000000020000010        0x4 ./Core/Src/main.o
                0x0000000020000010                Turn_Kp
 .data.Velocity_Ki
                0x0000000020000014        0x4 ./Core/Src/main.o
                0x0000000020000014                Velocity_Ki
 .data.Velocity_Kp
                0x0000000020000018        0x4 ./Core/Src/main.o
                0x0000000020000018                Velocity_Kp
 .data.Way_Angle
                0x000000002000001c        0x1 ./Core/Src/main.o
                0x000000002000001c                Way_Angle
 *fill*         0x000000002000001d        0x3 
 .data.SystemCoreClock
                0x0000000020000020        0x4 ./Core/Src/system_stm32f1xx.o
                0x0000000020000020                SystemCoreClock
 .data.uwTickFreq
                0x0000000020000024        0x1 ./Drivers/STM32F1xx_HAL_Driver/Src/stm32f1xx_hal.o
                0x0000000020000024                uwTickFreq
 *fill*         0x0000000020000025        0x3 
 .data.uwTickPrio
                0x0000000020000028        0x4 ./Drivers/STM32F1xx_HAL_Driver/Src/stm32f1xx_hal.o
                0x0000000020000028                uwTickPrio
 .data.gyro_orientation
                0x000000002000002c        0x9 ./WHEELTEC/MPU6050.o
 *fill*         0x0000000020000035        0x3 
 .data.q0       0x0000000020000038        0x4 ./WHEELTEC/MPU6050.o
                0x0000000020000038                q0
 .data.LeftControl
                0x000000002000003c        0x4 ./WHEELTEC/control.o
                0x000000002000003c                LeftControl
 .data.RightControl
                0x0000000020000040        0x4 ./WHEELTEC/control.o
                0x0000000020000040                RightControl
 .data.k1       0x0000000020000044        0x4 ./WHEELTEC/control.o
                0x0000000020000044                k1
 .data.k2       0x0000000020000048        0x4 ./WHEELTEC/control.o
                0x0000000020000048                k2
 .data.k3       0x000000002000004c        0x4 ./WHEELTEC/control.o
                0x000000002000004c                k3
 .data.kd       0x0000000020000050        0x4 ./WHEELTEC/control.o
                0x0000000020000050                kd
 .data.ki       0x0000000020000054        0x4 ./WHEELTEC/control.o
                0x0000000020000054                ki
 .data.kp       0x0000000020000058        0x4 ./WHEELTEC/control.o
                0x0000000020000058                kp
 .data.st       0x000000002000005c       0x2c ./WHEELTEC/inv_mpu.o
 .data._impure_ptr
                0x0000000020000088        0x4 d:/stm32cubeide_1.10.0/stm32cubeide/plugins/com.st.stm32cube.ide.mcu.externaltools.gnu-tools-for-stm32.10.3-2021.10.win32_1.0.0.202111181127/tools/bin/../lib/gcc/arm-none-eabi/10.3.1/../../../../arm-none-eabi/lib/thumb/v7-m/nofp\libc_nano.a(lib_a-impure.o)
                0x0000000020000088                _impure_ptr
 .data.impure_data
                0x000000002000008c       0x60 d:/stm32cubeide_1.10.0/stm32cubeide/plugins/com.st.stm32cube.ide.mcu.externaltools.gnu-tools-for-stm32.10.3-2021.10.win32_1.0.0.202111181127/tools/bin/../lib/gcc/arm-none-eabi/10.3.1/../../../../arm-none-eabi/lib/thumb/v7-m/nofp\libc_nano.a(lib_a-impure.o)
 *(.RamFunc)
 *(.RamFunc*)
                0x00000000200000ec                . = ALIGN (0x4)
                0x00000000200000ec                _edata = .
